ERROR - 2026-06-17 06:49:53 --> Error connecting to the database: mysqli_sql_exception: No such file or directory in /home/sedra/Documents/Caisse/codeigniter4-framework-v4.7 (2).2-0-gb3359be/codeigniter4-framework-b3359be/system/Database/MySQLi/Connection.php:201
Stack trace:
#0 /home/sedra/Documents/Caisse/codeigniter4-framework-v4.7 (2).2-0-gb3359be/codeigniter4-framework-b3359be/system/Database/MySQLi/Connection.php(201): mysqli->real_connect()
#1 /home/sedra/Documents/Caisse/codeigniter4-framework-v4.7 (2).2-0-gb3359be/codeigniter4-framework-b3359be/system/Database/BaseConnection.php(555): CodeIgniter\Database\MySQLi\Connection->connect()
#2 /home/sedra/Documents/Caisse/codeigniter4-framework-v4.7 (2).2-0-gb3359be/codeigniter4-framework-b3359be/system/Database/BaseConnection.php(795): CodeIgniter\Database\BaseConnection->initialize()
#3 /home/sedra/Documents/Caisse/codeigniter4-framework-v4.7 (2).2-0-gb3359be/codeigniter4-framework-b3359be/system/Database/BaseBuilder.php(1649): CodeIgniter\Database\BaseConnection->query()
#4 /home/sedra/Documents/Caisse/codeigniter4-framework-v4.7 (2).2-0-gb3359be/codeigniter4-framework-b3359be/system/Model.php(253): CodeIgniter\Database\BaseBuilder->get()
#5 /home/sedra/Documents/Caisse/codeigniter4-framework-v4.7 (2).2-0-gb3359be/codeigniter4-framework-b3359be/system/BaseModel.php(676): CodeIgniter\Model->doFindAll()
#6 /home/sedra/Documents/Caisse/codeigniter4-framework-v4.7 (2).2-0-gb3359be/codeigniter4-framework-b3359be/app/Models/ProduitModel.php(19): CodeIgniter\BaseModel->findAll()
#7 /home/sedra/Documents/Caisse/codeigniter4-framework-v4.7 (2).2-0-gb3359be/codeigniter4-framework-b3359be/app/Controllers/Test.php(16): App\Models\ProduitModel->getAllProduits()
#8 /home/sedra/Documents/Caisse/codeigniter4-framework-v4.7 (2).2-0-gb3359be/codeigniter4-framework-b3359be/system/CodeIgniter.php(951): App\Controllers\Test->index()
#9 /home/sedra/Documents/Caisse/codeigniter4-framework-v4.7 (2).2-0-gb3359be/codeigniter4-framework-b3359be/system/CodeIgniter.php(497): CodeIgniter\CodeIgniter->runController()
#10 /home/sedra/Documents/Caisse/codeigniter4-framework-v4.7 (2).2-0-gb3359be/codeigniter4-framework-b3359be/system/CodeIgniter.php(340): CodeIgniter\CodeIgniter->handleRequest()
#11 /home/sedra/Documents/Caisse/codeigniter4-framework-v4.7 (2).2-0-gb3359be/codeigniter4-framework-b3359be/system/Boot.php(417): CodeIgniter\CodeIgniter->run()
#12 /home/sedra/Documents/Caisse/codeigniter4-framework-v4.7 (2).2-0-gb3359be/codeigniter4-framework-b3359be/system/Boot.php(68): CodeIgniter\Boot::runCodeIgniter()
#13 /home/sedra/Documents/Caisse/codeigniter4-framework-v4.7 (2).2-0-gb3359be/codeigniter4-framework-b3359be/public/index.php(59): CodeIgniter\Boot::bootWeb()
#14 /home/sedra/Documents/Caisse/codeigniter4-framework-v4.7 (2).2-0-gb3359be/codeigniter4-framework-b3359be/system/rewrite.php(44): require_once('...')
#15 {main}

Next CodeIgniter\Database\Exceptions\DatabaseException: No such file or directory in /home/sedra/Documents/Caisse/codeigniter4-framework-v4.7 (2).2-0-gb3359be/codeigniter4-framework-b3359be/system/Database/MySQLi/Connection.php:231
Stack trace:
#0 /home/sedra/Documents/Caisse/codeigniter4-framework-v4.7 (2).2-0-gb3359be/codeigniter4-framework-b3359be/system/Database/BaseConnection.php(555): CodeIgniter\Database\MySQLi\Connection->connect()
#1 /home/sedra/Documents/Caisse/codeigniter4-framework-v4.7 (2).2-0-gb3359be/codeigniter4-framework-b3359be/system/Database/BaseConnection.php(795): CodeIgniter\Database\BaseConnection->initialize()
#2 /home/sedra/Documents/Caisse/codeigniter4-framework-v4.7 (2).2-0-gb3359be/codeigniter4-framework-b3359be/system/Database/BaseBuilder.php(1649): CodeIgniter\Database\BaseConnection->query()
#3 /home/sedra/Documents/Caisse/codeigniter4-framework-v4.7 (2).2-0-gb3359be/codeigniter4-framework-b3359be/system/Model.php(253): CodeIgniter\Database\BaseBuilder->get()
#4 /home/sedra/Documents/Caisse/codeigniter4-framework-v4.7 (2).2-0-gb3359be/codeigniter4-framework-b3359be/system/BaseModel.php(676): CodeIgniter\Model->doFindAll()
#5 /home/sedra/Documents/Caisse/codeigniter4-framework-v4.7 (2).2-0-gb3359be/codeigniter4-framework-b3359be/app/Models/ProduitModel.php(19): CodeIgniter\BaseModel->findAll()
#6 /home/sedra/Documents/Caisse/codeigniter4-framework-v4.7 (2).2-0-gb3359be/codeigniter4-framework-b3359be/app/Controllers/Test.php(16): App\Models\ProduitModel->getAllProduits()
#7 /home/sedra/Documents/Caisse/codeigniter4-framework-v4.7 (2).2-0-gb3359be/codeigniter4-framework-b3359be/system/CodeIgniter.php(951): App\Controllers\Test->index()
#8 /home/sedra/Documents/Caisse/codeigniter4-framework-v4.7 (2).2-0-gb3359be/codeigniter4-framework-b3359be/system/CodeIgniter.php(497): CodeIgniter\CodeIgniter->runController()
#9 /home/sedra/Documents/Caisse/codeigniter4-framework-v4.7 (2).2-0-gb3359be/codeigniter4-framework-b3359be/system/CodeIgniter.php(340): CodeIgniter\CodeIgniter->handleRequest()
#10 /home/sedra/Documents/Caisse/codeigniter4-framework-v4.7 (2).2-0-gb3359be/codeigniter4-framework-b3359be/system/Boot.php(417): CodeIgniter\CodeIgniter->run()
#11 /home/sedra/Documents/Caisse/codeigniter4-framework-v4.7 (2).2-0-gb3359be/codeigniter4-framework-b3359be/system/Boot.php(68): CodeIgniter\Boot::runCodeIgniter()
#12 /home/sedra/Documents/Caisse/codeigniter4-framework-v4.7 (2).2-0-gb3359be/codeigniter4-framework-b3359be/public/index.php(59): CodeIgniter\Boot::bootWeb()
#13 /home/sedra/Documents/Caisse/codeigniter4-framework-v4.7 (2).2-0-gb3359be/codeigniter4-framework-b3359be/system/rewrite.php(44): require_once('...')
#14 {main}
CRITICAL - 2026-06-17 06:49:53 --> CodeIgniter\Database\Exceptions\DatabaseException: Unable to connect to the database.
Main connection [MySQLi]: No such file or directory
[Method: GET, Route: test]
in SYSTEMPATH/Database/BaseConnection.php on line 606.
 1 SYSTEMPATH/Database/BaseConnection.php(795): CodeIgniter\Database\BaseConnection->initialize()
 2 SYSTEMPATH/Database/BaseBuilder.php(1649): CodeIgniter\Database\BaseConnection->query()
 3 SYSTEMPATH/Model.php(253): CodeIgniter\Database\BaseBuilder->get()
 4 SYSTEMPATH/BaseModel.php(676): CodeIgniter\Model->doFindAll()
 5 APPPATH/Models/ProduitModel.php(19): CodeIgniter\BaseModel->findAll()
 6 APPPATH/Controllers/Test.php(16): App\Models\ProduitModel->getAllProduits()
 7 SYSTEMPATH/CodeIgniter.php(951): App\Controllers\Test->index()
 8 SYSTEMPATH/CodeIgniter.php(497): CodeIgniter\CodeIgniter->runController()
 9 SYSTEMPATH/CodeIgniter.php(340): CodeIgniter\CodeIgniter->handleRequest()
10 SYSTEMPATH/Boot.php(417): CodeIgniter\CodeIgniter->run()
11 SYSTEMPATH/Boot.php(68): CodeIgniter\Boot::runCodeIgniter()
12 FCPATH/index.php(59): CodeIgniter\Boot::bootWeb()
13 SYSTEMPATH/rewrite.php(44): require_once('/home/sedra/Documents/Caisse/codeigniter4-framework-v4.7 (2).2-0-gb3359be/codeigniter4-framework-b3359be/public/index.php')
ERROR - 2026-06-17 06:49:55 --> Error connecting to the database: mysqli_sql_exception: No such file or directory in /home/sedra/Documents/Caisse/codeigniter4-framework-v4.7 (2).2-0-gb3359be/codeigniter4-framework-b3359be/system/Database/MySQLi/Connection.php:201
Stack trace:
#0 /home/sedra/Documents/Caisse/codeigniter4-framework-v4.7 (2).2-0-gb3359be/codeigniter4-framework-b3359be/system/Database/MySQLi/Connection.php(201): mysqli->real_connect()
#1 /home/sedra/Documents/Caisse/codeigniter4-framework-v4.7 (2).2-0-gb3359be/codeigniter4-framework-b3359be/system/Database/BaseConnection.php(555): CodeIgniter\Database\MySQLi\Connection->connect()
#2 /home/sedra/Documents/Caisse/codeigniter4-framework-v4.7 (2).2-0-gb3359be/codeigniter4-framework-b3359be/system/Database/BaseConnection.php(795): CodeIgniter\Database\BaseConnection->initialize()
#3 /home/sedra/Documents/Caisse/codeigniter4-framework-v4.7 (2).2-0-gb3359be/codeigniter4-framework-b3359be/system/Database/BaseBuilder.php(1649): CodeIgniter\Database\BaseConnection->query()
#4 /home/sedra/Documents/Caisse/codeigniter4-framework-v4.7 (2).2-0-gb3359be/codeigniter4-framework-b3359be/system/Model.php(253): CodeIgniter\Database\BaseBuilder->get()
#5 /home/sedra/Documents/Caisse/codeigniter4-framework-v4.7 (2).2-0-gb3359be/codeigniter4-framework-b3359be/system/BaseModel.php(676): CodeIgniter\Model->doFindAll()
#6 /home/sedra/Documents/Caisse/codeigniter4-framework-v4.7 (2).2-0-gb3359be/codeigniter4-framework-b3359be/app/Models/ProduitModel.php(19): CodeIgniter\BaseModel->findAll()
#7 /home/sedra/Documents/Caisse/codeigniter4-framework-v4.7 (2).2-0-gb3359be/codeigniter4-framework-b3359be/app/Controllers/Test.php(16): App\Models\ProduitModel->getAllProduits()
#8 /home/sedra/Documents/Caisse/codeigniter4-framework-v4.7 (2).2-0-gb3359be/codeigniter4-framework-b3359be/system/CodeIgniter.php(951): App\Controllers\Test->index()
#9 /home/sedra/Documents/Caisse/codeigniter4-framework-v4.7 (2).2-0-gb3359be/codeigniter4-framework-b3359be/system/CodeIgniter.php(497): CodeIgniter\CodeIgniter->runController()
#10 /home/sedra/Documents/Caisse/codeigniter4-framework-v4.7 (2).2-0-gb3359be/codeigniter4-framework-b3359be/system/CodeIgniter.php(340): CodeIgniter\CodeIgniter->handleRequest()
#11 /home/sedra/Documents/Caisse/codeigniter4-framework-v4.7 (2).2-0-gb3359be/codeigniter4-framework-b3359be/system/Boot.php(417): CodeIgniter\CodeIgniter->run()
#12 /home/sedra/Documents/Caisse/codeigniter4-framework-v4.7 (2).2-0-gb3359be/codeigniter4-framework-b3359be/system/Boot.php(68): CodeIgniter\Boot::runCodeIgniter()
#13 /home/sedra/Documents/Caisse/codeigniter4-framework-v4.7 (2).2-0-gb3359be/codeigniter4-framework-b3359be/public/index.php(59): CodeIgniter\Boot::bootWeb()
#14 /home/sedra/Documents/Caisse/codeigniter4-framework-v4.7 (2).2-0-gb3359be/codeigniter4-framework-b3359be/system/rewrite.php(44): require_once('...')
#15 {main}

Next CodeIgniter\Database\Exceptions\DatabaseException: No such file or directory in /home/sedra/Documents/Caisse/codeigniter4-framework-v4.7 (2).2-0-gb3359be/codeigniter4-framework-b3359be/system/Database/MySQLi/Connection.php:231
Stack trace:
#0 /home/sedra/Documents/Caisse/codeigniter4-framework-v4.7 (2).2-0-gb3359be/codeigniter4-framework-b3359be/system/Database/BaseConnection.php(555): CodeIgniter\Database\MySQLi\Connection->connect()
#1 /home/sedra/Documents/Caisse/codeigniter4-framework-v4.7 (2).2-0-gb3359be/codeigniter4-framework-b3359be/system/Database/BaseConnection.php(795): CodeIgniter\Database\BaseConnection->initialize()
#2 /home/sedra/Documents/Caisse/codeigniter4-framework-v4.7 (2).2-0-gb3359be/codeigniter4-framework-b3359be/system/Database/BaseBuilder.php(1649): CodeIgniter\Database\BaseConnection->query()
#3 /home/sedra/Documents/Caisse/codeigniter4-framework-v4.7 (2).2-0-gb3359be/codeigniter4-framework-b3359be/system/Model.php(253): CodeIgniter\Database\BaseBuilder->get()
#4 /home/sedra/Documents/Caisse/codeigniter4-framework-v4.7 (2).2-0-gb3359be/codeigniter4-framework-b3359be/system/BaseModel.php(676): CodeIgniter\Model->doFindAll()
#5 /home/sedra/Documents/Caisse/codeigniter4-framework-v4.7 (2).2-0-gb3359be/codeigniter4-framework-b3359be/app/Models/ProduitModel.php(19): CodeIgniter\BaseModel->findAll()
#6 /home/sedra/Documents/Caisse/codeigniter4-framework-v4.7 (2).2-0-gb3359be/codeigniter4-framework-b3359be/app/Controllers/Test.php(16): App\Models\ProduitModel->getAllProduits()
#7 /home/sedra/Documents/Caisse/codeigniter4-framework-v4.7 (2).2-0-gb3359be/codeigniter4-framework-b3359be/system/CodeIgniter.php(951): App\Controllers\Test->index()
#8 /home/sedra/Documents/Caisse/codeigniter4-framework-v4.7 (2).2-0-gb3359be/codeigniter4-framework-b3359be/system/CodeIgniter.php(497): CodeIgniter\CodeIgniter->runController()
#9 /home/sedra/Documents/Caisse/codeigniter4-framework-v4.7 (2).2-0-gb3359be/codeigniter4-framework-b3359be/system/CodeIgniter.php(340): CodeIgniter\CodeIgniter->handleRequest()
#10 /home/sedra/Documents/Caisse/codeigniter4-framework-v4.7 (2).2-0-gb3359be/codeigniter4-framework-b3359be/system/Boot.php(417): CodeIgniter\CodeIgniter->run()
#11 /home/sedra/Documents/Caisse/codeigniter4-framework-v4.7 (2).2-0-gb3359be/codeigniter4-framework-b3359be/system/Boot.php(68): CodeIgniter\Boot::runCodeIgniter()
#12 /home/sedra/Documents/Caisse/codeigniter4-framework-v4.7 (2).2-0-gb3359be/codeigniter4-framework-b3359be/public/index.php(59): CodeIgniter\Boot::bootWeb()
#13 /home/sedra/Documents/Caisse/codeigniter4-framework-v4.7 (2).2-0-gb3359be/codeigniter4-framework-b3359be/system/rewrite.php(44): require_once('...')
#14 {main}
CRITICAL - 2026-06-17 06:49:55 --> CodeIgniter\Database\Exceptions\DatabaseException: Unable to connect to the database.
Main connection [MySQLi]: No such file or directory
[Method: GET, Route: test]
in SYSTEMPATH/Database/BaseConnection.php on line 606.
 1 SYSTEMPATH/Database/BaseConnection.php(795): CodeIgniter\Database\BaseConnection->initialize()
 2 SYSTEMPATH/Database/BaseBuilder.php(1649): CodeIgniter\Database\BaseConnection->query()
 3 SYSTEMPATH/Model.php(253): CodeIgniter\Database\BaseBuilder->get()
 4 SYSTEMPATH/BaseModel.php(676): CodeIgniter\Model->doFindAll()
 5 APPPATH/Models/ProduitModel.php(19): CodeIgniter\BaseModel->findAll()
 6 APPPATH/Controllers/Test.php(16): App\Models\ProduitModel->getAllProduits()
 7 SYSTEMPATH/CodeIgniter.php(951): App\Controllers\Test->index()
 8 SYSTEMPATH/CodeIgniter.php(497): CodeIgniter\CodeIgniter->runController()
 9 SYSTEMPATH/CodeIgniter.php(340): CodeIgniter\CodeIgniter->handleRequest()
10 SYSTEMPATH/Boot.php(417): CodeIgniter\CodeIgniter->run()
11 SYSTEMPATH/Boot.php(68): CodeIgniter\Boot::runCodeIgniter()
12 FCPATH/index.php(59): CodeIgniter\Boot::bootWeb()
13 SYSTEMPATH/rewrite.php(44): require_once('/home/sedra/Documents/Caisse/codeigniter4-framework-v4.7 (2).2-0-gb3359be/codeigniter4-framework-b3359be/public/index.php')
ERROR - 2026-06-17 06:50:08 --> Error connecting to the database: mysqli_sql_exception: No such file or directory in /home/sedra/Documents/Caisse/codeigniter4-framework-v4.7 (2).2-0-gb3359be/codeigniter4-framework-b3359be/system/Database/MySQLi/Connection.php:201
Stack trace:
#0 /home/sedra/Documents/Caisse/codeigniter4-framework-v4.7 (2).2-0-gb3359be/codeigniter4-framework-b3359be/system/Database/MySQLi/Connection.php(201): mysqli->real_connect()
#1 /home/sedra/Documents/Caisse/codeigniter4-framework-v4.7 (2).2-0-gb3359be/codeigniter4-framework-b3359be/system/Database/BaseConnection.php(555): CodeIgniter\Database\MySQLi\Connection->connect()
#2 /home/sedra/Documents/Caisse/codeigniter4-framework-v4.7 (2).2-0-gb3359be/codeigniter4-framework-b3359be/system/Database/BaseConnection.php(795): CodeIgniter\Database\BaseConnection->initialize()
#3 /home/sedra/Documents/Caisse/codeigniter4-framework-v4.7 (2).2-0-gb3359be/codeigniter4-framework-b3359be/system/Database/BaseBuilder.php(1649): CodeIgniter\Database\BaseConnection->query()
#4 /home/sedra/Documents/Caisse/codeigniter4-framework-v4.7 (2).2-0-gb3359be/codeigniter4-framework-b3359be/system/Model.php(253): CodeIgniter\Database\BaseBuilder->get()
#5 /home/sedra/Documents/Caisse/codeigniter4-framework-v4.7 (2).2-0-gb3359be/codeigniter4-framework-b3359be/system/BaseModel.php(676): CodeIgniter\Model->doFindAll()
#6 /home/sedra/Documents/Caisse/codeigniter4-framework-v4.7 (2).2-0-gb3359be/codeigniter4-framework-b3359be/app/Models/ProduitModel.php(19): CodeIgniter\BaseModel->findAll()
#7 /home/sedra/Documents/Caisse/codeigniter4-framework-v4.7 (2).2-0-gb3359be/codeigniter4-framework-b3359be/app/Controllers/Test.php(16): App\Models\ProduitModel->getAllProduits()
#8 /home/sedra/Documents/Caisse/codeigniter4-framework-v4.7 (2).2-0-gb3359be/codeigniter4-framework-b3359be/system/CodeIgniter.php(951): App\Controllers\Test->index()
#9 /home/sedra/Documents/Caisse/codeigniter4-framework-v4.7 (2).2-0-gb3359be/codeigniter4-framework-b3359be/system/CodeIgniter.php(497): CodeIgniter\CodeIgniter->runController()
#10 /home/sedra/Documents/Caisse/codeigniter4-framework-v4.7 (2).2-0-gb3359be/codeigniter4-framework-b3359be/system/CodeIgniter.php(340): CodeIgniter\CodeIgniter->handleRequest()
#11 /home/sedra/Documents/Caisse/codeigniter4-framework-v4.7 (2).2-0-gb3359be/codeigniter4-framework-b3359be/system/Boot.php(417): CodeIgniter\CodeIgniter->run()
#12 /home/sedra/Documents/Caisse/codeigniter4-framework-v4.7 (2).2-0-gb3359be/codeigniter4-framework-b3359be/system/Boot.php(68): CodeIgniter\Boot::runCodeIgniter()
#13 /home/sedra/Documents/Caisse/codeigniter4-framework-v4.7 (2).2-0-gb3359be/codeigniter4-framework-b3359be/public/index.php(59): CodeIgniter\Boot::bootWeb()
#14 /home/sedra/Documents/Caisse/codeigniter4-framework-v4.7 (2).2-0-gb3359be/codeigniter4-framework-b3359be/system/rewrite.php(44): require_once('...')
#15 {main}

Next CodeIgniter\Database\Exceptions\DatabaseException: No such file or directory in /home/sedra/Documents/Caisse/codeigniter4-framework-v4.7 (2).2-0-gb3359be/codeigniter4-framework-b3359be/system/Database/MySQLi/Connection.php:231
Stack trace:
#0 /home/sedra/Documents/Caisse/codeigniter4-framework-v4.7 (2).2-0-gb3359be/codeigniter4-framework-b3359be/system/Database/BaseConnection.php(555): CodeIgniter\Database\MySQLi\Connection->connect()
#1 /home/sedra/Documents/Caisse/codeigniter4-framework-v4.7 (2).2-0-gb3359be/codeigniter4-framework-b3359be/system/Database/BaseConnection.php(795): CodeIgniter\Database\BaseConnection->initialize()
#2 /home/sedra/Documents/Caisse/codeigniter4-framework-v4.7 (2).2-0-gb3359be/codeigniter4-framework-b3359be/system/Database/BaseBuilder.php(1649): CodeIgniter\Database\BaseConnection->query()
#3 /home/sedra/Documents/Caisse/codeigniter4-framework-v4.7 (2).2-0-gb3359be/codeigniter4-framework-b3359be/system/Model.php(253): CodeIgniter\Database\BaseBuilder->get()
#4 /home/sedra/Documents/Caisse/codeigniter4-framework-v4.7 (2).2-0-gb3359be/codeigniter4-framework-b3359be/system/BaseModel.php(676): CodeIgniter\Model->doFindAll()
#5 /home/sedra/Documents/Caisse/codeigniter4-framework-v4.7 (2).2-0-gb3359be/codeigniter4-framework-b3359be/app/Models/ProduitModel.php(19): CodeIgniter\BaseModel->findAll()
#6 /home/sedra/Documents/Caisse/codeigniter4-framework-v4.7 (2).2-0-gb3359be/codeigniter4-framework-b3359be/app/Controllers/Test.php(16): App\Models\ProduitModel->getAllProduits()
#7 /home/sedra/Documents/Caisse/codeigniter4-framework-v4.7 (2).2-0-gb3359be/codeigniter4-framework-b3359be/system/CodeIgniter.php(951): App\Controllers\Test->index()
#8 /home/sedra/Documents/Caisse/codeigniter4-framework-v4.7 (2).2-0-gb3359be/codeigniter4-framework-b3359be/system/CodeIgniter.php(497): CodeIgniter\CodeIgniter->runController()
#9 /home/sedra/Documents/Caisse/codeigniter4-framework-v4.7 (2).2-0-gb3359be/codeigniter4-framework-b3359be/system/CodeIgniter.php(340): CodeIgniter\CodeIgniter->handleRequest()
#10 /home/sedra/Documents/Caisse/codeigniter4-framework-v4.7 (2).2-0-gb3359be/codeigniter4-framework-b3359be/system/Boot.php(417): CodeIgniter\CodeIgniter->run()
#11 /home/sedra/Documents/Caisse/codeigniter4-framework-v4.7 (2).2-0-gb3359be/codeigniter4-framework-b3359be/system/Boot.php(68): CodeIgniter\Boot::runCodeIgniter()
#12 /home/sedra/Documents/Caisse/codeigniter4-framework-v4.7 (2).2-0-gb3359be/codeigniter4-framework-b3359be/public/index.php(59): CodeIgniter\Boot::bootWeb()
#13 /home/sedra/Documents/Caisse/codeigniter4-framework-v4.7 (2).2-0-gb3359be/codeigniter4-framework-b3359be/system/rewrite.php(44): require_once('...')
#14 {main}
CRITICAL - 2026-06-17 06:50:08 --> CodeIgniter\Database\Exceptions\DatabaseException: Unable to connect to the database.
Main connection [MySQLi]: No such file or directory
[Method: GET, Route: test]
in SYSTEMPATH/Database/BaseConnection.php on line 606.
 1 SYSTEMPATH/Database/BaseConnection.php(795): CodeIgniter\Database\BaseConnection->initialize()
 2 SYSTEMPATH/Database/BaseBuilder.php(1649): CodeIgniter\Database\BaseConnection->query()
 3 SYSTEMPATH/Model.php(253): CodeIgniter\Database\BaseBuilder->get()
 4 SYSTEMPATH/BaseModel.php(676): CodeIgniter\Model->doFindAll()
 5 APPPATH/Models/ProduitModel.php(19): CodeIgniter\BaseModel->findAll()
 6 APPPATH/Controllers/Test.php(16): App\Models\ProduitModel->getAllProduits()
 7 SYSTEMPATH/CodeIgniter.php(951): App\Controllers\Test->index()
 8 SYSTEMPATH/CodeIgniter.php(497): CodeIgniter\CodeIgniter->runController()
 9 SYSTEMPATH/CodeIgniter.php(340): CodeIgniter\CodeIgniter->handleRequest()
10 SYSTEMPATH/Boot.php(417): CodeIgniter\CodeIgniter->run()
11 SYSTEMPATH/Boot.php(68): CodeIgniter\Boot::runCodeIgniter()
12 FCPATH/index.php(59): CodeIgniter\Boot::bootWeb()
13 SYSTEMPATH/rewrite.php(44): require_once('/home/sedra/Documents/Caisse/codeigniter4-framework-v4.7 (2).2-0-gb3359be/codeigniter4-framework-b3359be/public/index.php')
ERROR - 2026-06-17 06:52:42 --> Error connecting to the database: mysqli_sql_exception: No such file or directory in /home/sedra/Documents/Caisse/codeigniter4-framework-v4.7 (2).2-0-gb3359be/codeigniter4-framework-b3359be/system/Database/MySQLi/Connection.php:201
Stack trace:
#0 /home/sedra/Documents/Caisse/codeigniter4-framework-v4.7 (2).2-0-gb3359be/codeigniter4-framework-b3359be/system/Database/MySQLi/Connection.php(201): mysqli->real_connect()
#1 /home/sedra/Documents/Caisse/codeigniter4-framework-v4.7 (2).2-0-gb3359be/codeigniter4-framework-b3359be/system/Database/BaseConnection.php(555): CodeIgniter\Database\MySQLi\Connection->connect()
#2 /home/sedra/Documents/Caisse/codeigniter4-framework-v4.7 (2).2-0-gb3359be/codeigniter4-framework-b3359be/system/Database/BaseConnection.php(795): CodeIgniter\Database\BaseConnection->initialize()
#3 /home/sedra/Documents/Caisse/codeigniter4-framework-v4.7 (2).2-0-gb3359be/codeigniter4-framework-b3359be/system/Database/BaseBuilder.php(1649): CodeIgniter\Database\BaseConnection->query()
#4 /home/sedra/Documents/Caisse/codeigniter4-framework-v4.7 (2).2-0-gb3359be/codeigniter4-framework-b3359be/system/Model.php(253): CodeIgniter\Database\BaseBuilder->get()
#5 /home/sedra/Documents/Caisse/codeigniter4-framework-v4.7 (2).2-0-gb3359be/codeigniter4-framework-b3359be/system/BaseModel.php(676): CodeIgniter\Model->doFindAll()
#6 /home/sedra/Documents/Caisse/codeigniter4-framework-v4.7 (2).2-0-gb3359be/codeigniter4-framework-b3359be/app/Models/ProduitModel.php(19): CodeIgniter\BaseModel->findAll()
#7 /home/sedra/Documents/Caisse/codeigniter4-framework-v4.7 (2).2-0-gb3359be/codeigniter4-framework-b3359be/app/Controllers/Test.php(16): App\Models\ProduitModel->getAllProduits()
#8 /home/sedra/Documents/Caisse/codeigniter4-framework-v4.7 (2).2-0-gb3359be/codeigniter4-framework-b3359be/system/CodeIgniter.php(951): App\Controllers\Test->index()
#9 /home/sedra/Documents/Caisse/codeigniter4-framework-v4.7 (2).2-0-gb3359be/codeigniter4-framework-b3359be/system/CodeIgniter.php(497): CodeIgniter\CodeIgniter->runController()
#10 /home/sedra/Documents/Caisse/codeigniter4-framework-v4.7 (2).2-0-gb3359be/codeigniter4-framework-b3359be/system/CodeIgniter.php(340): CodeIgniter\CodeIgniter->handleRequest()
#11 /home/sedra/Documents/Caisse/codeigniter4-framework-v4.7 (2).2-0-gb3359be/codeigniter4-framework-b3359be/system/Boot.php(417): CodeIgniter\CodeIgniter->run()
#12 /home/sedra/Documents/Caisse/codeigniter4-framework-v4.7 (2).2-0-gb3359be/codeigniter4-framework-b3359be/system/Boot.php(68): CodeIgniter\Boot::runCodeIgniter()
#13 /home/sedra/Documents/Caisse/codeigniter4-framework-v4.7 (2).2-0-gb3359be/codeigniter4-framework-b3359be/public/index.php(59): CodeIgniter\Boot::bootWeb()
#14 /home/sedra/Documents/Caisse/codeigniter4-framework-v4.7 (2).2-0-gb3359be/codeigniter4-framework-b3359be/system/rewrite.php(44): require_once('...')
#15 {main}

Next CodeIgniter\Database\Exceptions\DatabaseException: No such file or directory in /home/sedra/Documents/Caisse/codeigniter4-framework-v4.7 (2).2-0-gb3359be/codeigniter4-framework-b3359be/system/Database/MySQLi/Connection.php:231
Stack trace:
#0 /home/sedra/Documents/Caisse/codeigniter4-framework-v4.7 (2).2-0-gb3359be/codeigniter4-framework-b3359be/system/Database/BaseConnection.php(555): CodeIgniter\Database\MySQLi\Connection->connect()
#1 /home/sedra/Documents/Caisse/codeigniter4-framework-v4.7 (2).2-0-gb3359be/codeigniter4-framework-b3359be/system/Database/BaseConnection.php(795): CodeIgniter\Database\BaseConnection->initialize()
#2 /home/sedra/Documents/Caisse/codeigniter4-framework-v4.7 (2).2-0-gb3359be/codeigniter4-framework-b3359be/system/Database/BaseBuilder.php(1649): CodeIgniter\Database\BaseConnection->query()
#3 /home/sedra/Documents/Caisse/codeigniter4-framework-v4.7 (2).2-0-gb3359be/codeigniter4-framework-b3359be/system/Model.php(253): CodeIgniter\Database\BaseBuilder->get()
#4 /home/sedra/Documents/Caisse/codeigniter4-framework-v4.7 (2).2-0-gb3359be/codeigniter4-framework-b3359be/system/BaseModel.php(676): CodeIgniter\Model->doFindAll()
#5 /home/sedra/Documents/Caisse/codeigniter4-framework-v4.7 (2).2-0-gb3359be/codeigniter4-framework-b3359be/app/Models/ProduitModel.php(19): CodeIgniter\BaseModel->findAll()
#6 /home/sedra/Documents/Caisse/codeigniter4-framework-v4.7 (2).2-0-gb3359be/codeigniter4-framework-b3359be/app/Controllers/Test.php(16): App\Models\ProduitModel->getAllProduits()
#7 /home/sedra/Documents/Caisse/codeigniter4-framework-v4.7 (2).2-0-gb3359be/codeigniter4-framework-b3359be/system/CodeIgniter.php(951): App\Controllers\Test->index()
#8 /home/sedra/Documents/Caisse/codeigniter4-framework-v4.7 (2).2-0-gb3359be/codeigniter4-framework-b3359be/system/CodeIgniter.php(497): CodeIgniter\CodeIgniter->runController()
#9 /home/sedra/Documents/Caisse/codeigniter4-framework-v4.7 (2).2-0-gb3359be/codeigniter4-framework-b3359be/system/CodeIgniter.php(340): CodeIgniter\CodeIgniter->handleRequest()
#10 /home/sedra/Documents/Caisse/codeigniter4-framework-v4.7 (2).2-0-gb3359be/codeigniter4-framework-b3359be/system/Boot.php(417): CodeIgniter\CodeIgniter->run()
#11 /home/sedra/Documents/Caisse/codeigniter4-framework-v4.7 (2).2-0-gb3359be/codeigniter4-framework-b3359be/system/Boot.php(68): CodeIgniter\Boot::runCodeIgniter()
#12 /home/sedra/Documents/Caisse/codeigniter4-framework-v4.7 (2).2-0-gb3359be/codeigniter4-framework-b3359be/public/index.php(59): CodeIgniter\Boot::bootWeb()
#13 /home/sedra/Documents/Caisse/codeigniter4-framework-v4.7 (2).2-0-gb3359be/codeigniter4-framework-b3359be/system/rewrite.php(44): require_once('...')
#14 {main}
CRITICAL - 2026-06-17 06:52:42 --> CodeIgniter\Database\Exceptions\DatabaseException: Unable to connect to the database.
Main connection [MySQLi]: No such file or directory
[Method: GET, Route: test]
in SYSTEMPATH/Database/BaseConnection.php on line 606.
 1 SYSTEMPATH/Database/BaseConnection.php(795): CodeIgniter\Database\BaseConnection->initialize()
 2 SYSTEMPATH/Database/BaseBuilder.php(1649): CodeIgniter\Database\BaseConnection->query()
 3 SYSTEMPATH/Model.php(253): CodeIgniter\Database\BaseBuilder->get()
 4 SYSTEMPATH/BaseModel.php(676): CodeIgniter\Model->doFindAll()
 5 APPPATH/Models/ProduitModel.php(19): CodeIgniter\BaseModel->findAll()
 6 APPPATH/Controllers/Test.php(16): App\Models\ProduitModel->getAllProduits()
 7 SYSTEMPATH/CodeIgniter.php(951): App\Controllers\Test->index()
 8 SYSTEMPATH/CodeIgniter.php(497): CodeIgniter\CodeIgniter->runController()
 9 SYSTEMPATH/CodeIgniter.php(340): CodeIgniter\CodeIgniter->handleRequest()
10 SYSTEMPATH/Boot.php(417): CodeIgniter\CodeIgniter->run()
11 SYSTEMPATH/Boot.php(68): CodeIgniter\Boot::runCodeIgniter()
12 FCPATH/index.php(59): CodeIgniter\Boot::bootWeb()
13 SYSTEMPATH/rewrite.php(44): require_once('/home/sedra/Documents/Caisse/codeigniter4-framework-v4.7 (2).2-0-gb3359be/codeigniter4-framework-b3359be/public/index.php')
ERROR - 2026-06-17 06:52:43 --> Error connecting to the database: mysqli_sql_exception: No such file or directory in /home/sedra/Documents/Caisse/codeigniter4-framework-v4.7 (2).2-0-gb3359be/codeigniter4-framework-b3359be/system/Database/MySQLi/Connection.php:201
Stack trace:
#0 /home/sedra/Documents/Caisse/codeigniter4-framework-v4.7 (2).2-0-gb3359be/codeigniter4-framework-b3359be/system/Database/MySQLi/Connection.php(201): mysqli->real_connect()
#1 /home/sedra/Documents/Caisse/codeigniter4-framework-v4.7 (2).2-0-gb3359be/codeigniter4-framework-b3359be/system/Database/BaseConnection.php(555): CodeIgniter\Database\MySQLi\Connection->connect()
#2 /home/sedra/Documents/Caisse/codeigniter4-framework-v4.7 (2).2-0-gb3359be/codeigniter4-framework-b3359be/system/Database/BaseConnection.php(795): CodeIgniter\Database\BaseConnection->initialize()
#3 /home/sedra/Documents/Caisse/codeigniter4-framework-v4.7 (2).2-0-gb3359be/codeigniter4-framework-b3359be/system/Database/BaseBuilder.php(1649): CodeIgniter\Database\BaseConnection->query()
#4 /home/sedra/Documents/Caisse/codeigniter4-framework-v4.7 (2).2-0-gb3359be/codeigniter4-framework-b3359be/system/Model.php(253): CodeIgniter\Database\BaseBuilder->get()
#5 /home/sedra/Documents/Caisse/codeigniter4-framework-v4.7 (2).2-0-gb3359be/codeigniter4-framework-b3359be/system/BaseModel.php(676): CodeIgniter\Model->doFindAll()
#6 /home/sedra/Documents/Caisse/codeigniter4-framework-v4.7 (2).2-0-gb3359be/codeigniter4-framework-b3359be/app/Models/ProduitModel.php(19): CodeIgniter\BaseModel->findAll()
#7 /home/sedra/Documents/Caisse/codeigniter4-framework-v4.7 (2).2-0-gb3359be/codeigniter4-framework-b3359be/app/Controllers/Test.php(16): App\Models\ProduitModel->getAllProduits()
#8 /home/sedra/Documents/Caisse/codeigniter4-framework-v4.7 (2).2-0-gb3359be/codeigniter4-framework-b3359be/system/CodeIgniter.php(951): App\Controllers\Test->index()
#9 /home/sedra/Documents/Caisse/codeigniter4-framework-v4.7 (2).2-0-gb3359be/codeigniter4-framework-b3359be/system/CodeIgniter.php(497): CodeIgniter\CodeIgniter->runController()
#10 /home/sedra/Documents/Caisse/codeigniter4-framework-v4.7 (2).2-0-gb3359be/codeigniter4-framework-b3359be/system/CodeIgniter.php(340): CodeIgniter\CodeIgniter->handleRequest()
#11 /home/sedra/Documents/Caisse/codeigniter4-framework-v4.7 (2).2-0-gb3359be/codeigniter4-framework-b3359be/system/Boot.php(417): CodeIgniter\CodeIgniter->run()
#12 /home/sedra/Documents/Caisse/codeigniter4-framework-v4.7 (2).2-0-gb3359be/codeigniter4-framework-b3359be/system/Boot.php(68): CodeIgniter\Boot::runCodeIgniter()
#13 /home/sedra/Documents/Caisse/codeigniter4-framework-v4.7 (2).2-0-gb3359be/codeigniter4-framework-b3359be/public/index.php(59): CodeIgniter\Boot::bootWeb()
#14 /home/sedra/Documents/Caisse/codeigniter4-framework-v4.7 (2).2-0-gb3359be/codeigniter4-framework-b3359be/system/rewrite.php(44): require_once('...')
#15 {main}

Next CodeIgniter\Database\Exceptions\DatabaseException: No such file or directory in /home/sedra/Documents/Caisse/codeigniter4-framework-v4.7 (2).2-0-gb3359be/codeigniter4-framework-b3359be/system/Database/MySQLi/Connection.php:231
Stack trace:
#0 /home/sedra/Documents/Caisse/codeigniter4-framework-v4.7 (2).2-0-gb3359be/codeigniter4-framework-b3359be/system/Database/BaseConnection.php(555): CodeIgniter\Database\MySQLi\Connection->connect()
#1 /home/sedra/Documents/Caisse/codeigniter4-framework-v4.7 (2).2-0-gb3359be/codeigniter4-framework-b3359be/system/Database/BaseConnection.php(795): CodeIgniter\Database\BaseConnection->initialize()
#2 /home/sedra/Documents/Caisse/codeigniter4-framework-v4.7 (2).2-0-gb3359be/codeigniter4-framework-b3359be/system/Database/BaseBuilder.php(1649): CodeIgniter\Database\BaseConnection->query()
#3 /home/sedra/Documents/Caisse/codeigniter4-framework-v4.7 (2).2-0-gb3359be/codeigniter4-framework-b3359be/system/Model.php(253): CodeIgniter\Database\BaseBuilder->get()
#4 /home/sedra/Documents/Caisse/codeigniter4-framework-v4.7 (2).2-0-gb3359be/codeigniter4-framework-b3359be/system/BaseModel.php(676): CodeIgniter\Model->doFindAll()
#5 /home/sedra/Documents/Caisse/codeigniter4-framework-v4.7 (2).2-0-gb3359be/codeigniter4-framework-b3359be/app/Models/ProduitModel.php(19): CodeIgniter\BaseModel->findAll()
#6 /home/sedra/Documents/Caisse/codeigniter4-framework-v4.7 (2).2-0-gb3359be/codeigniter4-framework-b3359be/app/Controllers/Test.php(16): App\Models\ProduitModel->getAllProduits()
#7 /home/sedra/Documents/Caisse/codeigniter4-framework-v4.7 (2).2-0-gb3359be/codeigniter4-framework-b3359be/system/CodeIgniter.php(951): App\Controllers\Test->index()
#8 /home/sedra/Documents/Caisse/codeigniter4-framework-v4.7 (2).2-0-gb3359be/codeigniter4-framework-b3359be/system/CodeIgniter.php(497): CodeIgniter\CodeIgniter->runController()
#9 /home/sedra/Documents/Caisse/codeigniter4-framework-v4.7 (2).2-0-gb3359be/codeigniter4-framework-b3359be/system/CodeIgniter.php(340): CodeIgniter\CodeIgniter->handleRequest()
#10 /home/sedra/Documents/Caisse/codeigniter4-framework-v4.7 (2).2-0-gb3359be/codeigniter4-framework-b3359be/system/Boot.php(417): CodeIgniter\CodeIgniter->run()
#11 /home/sedra/Documents/Caisse/codeigniter4-framework-v4.7 (2).2-0-gb3359be/codeigniter4-framework-b3359be/system/Boot.php(68): CodeIgniter\Boot::runCodeIgniter()
#12 /home/sedra/Documents/Caisse/codeigniter4-framework-v4.7 (2).2-0-gb3359be/codeigniter4-framework-b3359be/public/index.php(59): CodeIgniter\Boot::bootWeb()
#13 /home/sedra/Documents/Caisse/codeigniter4-framework-v4.7 (2).2-0-gb3359be/codeigniter4-framework-b3359be/system/rewrite.php(44): require_once('...')
#14 {main}
CRITICAL - 2026-06-17 06:52:43 --> CodeIgniter\Database\Exceptions\DatabaseException: Unable to connect to the database.
Main connection [MySQLi]: No such file or directory
[Method: GET, Route: test]
in SYSTEMPATH/Database/BaseConnection.php on line 606.
 1 SYSTEMPATH/Database/BaseConnection.php(795): CodeIgniter\Database\BaseConnection->initialize()
 2 SYSTEMPATH/Database/BaseBuilder.php(1649): CodeIgniter\Database\BaseConnection->query()
 3 SYSTEMPATH/Model.php(253): CodeIgniter\Database\BaseBuilder->get()
 4 SYSTEMPATH/BaseModel.php(676): CodeIgniter\Model->doFindAll()
 5 APPPATH/Models/ProduitModel.php(19): CodeIgniter\BaseModel->findAll()
 6 APPPATH/Controllers/Test.php(16): App\Models\ProduitModel->getAllProduits()
 7 SYSTEMPATH/CodeIgniter.php(951): App\Controllers\Test->index()
 8 SYSTEMPATH/CodeIgniter.php(497): CodeIgniter\CodeIgniter->runController()
 9 SYSTEMPATH/CodeIgniter.php(340): CodeIgniter\CodeIgniter->handleRequest()
10 SYSTEMPATH/Boot.php(417): CodeIgniter\CodeIgniter->run()
11 SYSTEMPATH/Boot.php(68): CodeIgniter\Boot::runCodeIgniter()
12 FCPATH/index.php(59): CodeIgniter\Boot::bootWeb()
13 SYSTEMPATH/rewrite.php(44): require_once('/home/sedra/Documents/Caisse/codeigniter4-framework-v4.7 (2).2-0-gb3359be/codeigniter4-framework-b3359be/public/index.php')
ERROR - 2026-06-17 06:52:43 --> Error connecting to the database: mysqli_sql_exception: No such file or directory in /home/sedra/Documents/Caisse/codeigniter4-framework-v4.7 (2).2-0-gb3359be/codeigniter4-framework-b3359be/system/Database/MySQLi/Connection.php:201
Stack trace:
#0 /home/sedra/Documents/Caisse/codeigniter4-framework-v4.7 (2).2-0-gb3359be/codeigniter4-framework-b3359be/system/Database/MySQLi/Connection.php(201): mysqli->real_connect()
#1 /home/sedra/Documents/Caisse/codeigniter4-framework-v4.7 (2).2-0-gb3359be/codeigniter4-framework-b3359be/system/Database/BaseConnection.php(555): CodeIgniter\Database\MySQLi\Connection->connect()
#2 /home/sedra/Documents/Caisse/codeigniter4-framework-v4.7 (2).2-0-gb3359be/codeigniter4-framework-b3359be/system/Database/BaseConnection.php(795): CodeIgniter\Database\BaseConnection->initialize()
#3 /home/sedra/Documents/Caisse/codeigniter4-framework-v4.7 (2).2-0-gb3359be/codeigniter4-framework-b3359be/system/Database/BaseBuilder.php(1649): CodeIgniter\Database\BaseConnection->query()
#4 /home/sedra/Documents/Caisse/codeigniter4-framework-v4.7 (2).2-0-gb3359be/codeigniter4-framework-b3359be/system/Model.php(253): CodeIgniter\Database\BaseBuilder->get()
#5 /home/sedra/Documents/Caisse/codeigniter4-framework-v4.7 (2).2-0-gb3359be/codeigniter4-framework-b3359be/system/BaseModel.php(676): CodeIgniter\Model->doFindAll()
#6 /home/sedra/Documents/Caisse/codeigniter4-framework-v4.7 (2).2-0-gb3359be/codeigniter4-framework-b3359be/app/Models/ProduitModel.php(19): CodeIgniter\BaseModel->findAll()
#7 /home/sedra/Documents/Caisse/codeigniter4-framework-v4.7 (2).2-0-gb3359be/codeigniter4-framework-b3359be/app/Controllers/Test.php(16): App\Models\ProduitModel->getAllProduits()
#8 /home/sedra/Documents/Caisse/codeigniter4-framework-v4.7 (2).2-0-gb3359be/codeigniter4-framework-b3359be/system/CodeIgniter.php(951): App\Controllers\Test->index()
#9 /home/sedra/Documents/Caisse/codeigniter4-framework-v4.7 (2).2-0-gb3359be/codeigniter4-framework-b3359be/system/CodeIgniter.php(497): CodeIgniter\CodeIgniter->runController()
#10 /home/sedra/Documents/Caisse/codeigniter4-framework-v4.7 (2).2-0-gb3359be/codeigniter4-framework-b3359be/system/CodeIgniter.php(340): CodeIgniter\CodeIgniter->handleRequest()
#11 /home/sedra/Documents/Caisse/codeigniter4-framework-v4.7 (2).2-0-gb3359be/codeigniter4-framework-b3359be/system/Boot.php(417): CodeIgniter\CodeIgniter->run()
#12 /home/sedra/Documents/Caisse/codeigniter4-framework-v4.7 (2).2-0-gb3359be/codeigniter4-framework-b3359be/system/Boot.php(68): CodeIgniter\Boot::runCodeIgniter()
#13 /home/sedra/Documents/Caisse/codeigniter4-framework-v4.7 (2).2-0-gb3359be/codeigniter4-framework-b3359be/public/index.php(59): CodeIgniter\Boot::bootWeb()
#14 /home/sedra/Documents/Caisse/codeigniter4-framework-v4.7 (2).2-0-gb3359be/codeigniter4-framework-b3359be/system/rewrite.php(44): require_once('...')
#15 {main}

Next CodeIgniter\Database\Exceptions\DatabaseException: No such file or directory in /home/sedra/Documents/Caisse/codeigniter4-framework-v4.7 (2).2-0-gb3359be/codeigniter4-framework-b3359be/system/Database/MySQLi/Connection.php:231
Stack trace:
#0 /home/sedra/Documents/Caisse/codeigniter4-framework-v4.7 (2).2-0-gb3359be/codeigniter4-framework-b3359be/system/Database/BaseConnection.php(555): CodeIgniter\Database\MySQLi\Connection->connect()
#1 /home/sedra/Documents/Caisse/codeigniter4-framework-v4.7 (2).2-0-gb3359be/codeigniter4-framework-b3359be/system/Database/BaseConnection.php(795): CodeIgniter\Database\BaseConnection->initialize()
#2 /home/sedra/Documents/Caisse/codeigniter4-framework-v4.7 (2).2-0-gb3359be/codeigniter4-framework-b3359be/system/Database/BaseBuilder.php(1649): CodeIgniter\Database\BaseConnection->query()
#3 /home/sedra/Documents/Caisse/codeigniter4-framework-v4.7 (2).2-0-gb3359be/codeigniter4-framework-b3359be/system/Model.php(253): CodeIgniter\Database\BaseBuilder->get()
#4 /home/sedra/Documents/Caisse/codeigniter4-framework-v4.7 (2).2-0-gb3359be/codeigniter4-framework-b3359be/system/BaseModel.php(676): CodeIgniter\Model->doFindAll()
#5 /home/sedra/Documents/Caisse/codeigniter4-framework-v4.7 (2).2-0-gb3359be/codeigniter4-framework-b3359be/app/Models/ProduitModel.php(19): CodeIgniter\BaseModel->findAll()
#6 /home/sedra/Documents/Caisse/codeigniter4-framework-v4.7 (2).2-0-gb3359be/codeigniter4-framework-b3359be/app/Controllers/Test.php(16): App\Models\ProduitModel->getAllProduits()
#7 /home/sedra/Documents/Caisse/codeigniter4-framework-v4.7 (2).2-0-gb3359be/codeigniter4-framework-b3359be/system/CodeIgniter.php(951): App\Controllers\Test->index()
#8 /home/sedra/Documents/Caisse/codeigniter4-framework-v4.7 (2).2-0-gb3359be/codeigniter4-framework-b3359be/system/CodeIgniter.php(497): CodeIgniter\CodeIgniter->runController()
#9 /home/sedra/Documents/Caisse/codeigniter4-framework-v4.7 (2).2-0-gb3359be/codeigniter4-framework-b3359be/system/CodeIgniter.php(340): CodeIgniter\CodeIgniter->handleRequest()
#10 /home/sedra/Documents/Caisse/codeigniter4-framework-v4.7 (2).2-0-gb3359be/codeigniter4-framework-b3359be/system/Boot.php(417): CodeIgniter\CodeIgniter->run()
#11 /home/sedra/Documents/Caisse/codeigniter4-framework-v4.7 (2).2-0-gb3359be/codeigniter4-framework-b3359be/system/Boot.php(68): CodeIgniter\Boot::runCodeIgniter()
#12 /home/sedra/Documents/Caisse/codeigniter4-framework-v4.7 (2).2-0-gb3359be/codeigniter4-framework-b3359be/public/index.php(59): CodeIgniter\Boot::bootWeb()
#13 /home/sedra/Documents/Caisse/codeigniter4-framework-v4.7 (2).2-0-gb3359be/codeigniter4-framework-b3359be/system/rewrite.php(44): require_once('...')
#14 {main}
CRITICAL - 2026-06-17 06:52:43 --> CodeIgniter\Database\Exceptions\DatabaseException: Unable to connect to the database.
Main connection [MySQLi]: No such file or directory
[Method: GET, Route: test]
in SYSTEMPATH/Database/BaseConnection.php on line 606.
 1 SYSTEMPATH/Database/BaseConnection.php(795): CodeIgniter\Database\BaseConnection->initialize()
 2 SYSTEMPATH/Database/BaseBuilder.php(1649): CodeIgniter\Database\BaseConnection->query()
 3 SYSTEMPATH/Model.php(253): CodeIgniter\Database\BaseBuilder->get()
 4 SYSTEMPATH/BaseModel.php(676): CodeIgniter\Model->doFindAll()
 5 APPPATH/Models/ProduitModel.php(19): CodeIgniter\BaseModel->findAll()
 6 APPPATH/Controllers/Test.php(16): App\Models\ProduitModel->getAllProduits()
 7 SYSTEMPATH/CodeIgniter.php(951): App\Controllers\Test->index()
 8 SYSTEMPATH/CodeIgniter.php(497): CodeIgniter\CodeIgniter->runController()
 9 SYSTEMPATH/CodeIgniter.php(340): CodeIgniter\CodeIgniter->handleRequest()
10 SYSTEMPATH/Boot.php(417): CodeIgniter\CodeIgniter->run()
11 SYSTEMPATH/Boot.php(68): CodeIgniter\Boot::runCodeIgniter()
12 FCPATH/index.php(59): CodeIgniter\Boot::bootWeb()
13 SYSTEMPATH/rewrite.php(44): require_once('/home/sedra/Documents/Caisse/codeigniter4-framework-v4.7 (2).2-0-gb3359be/codeigniter4-framework-b3359be/public/index.php')
ERROR - 2026-06-17 06:52:44 --> Error connecting to the database: mysqli_sql_exception: No such file or directory in /home/sedra/Documents/Caisse/codeigniter4-framework-v4.7 (2).2-0-gb3359be/codeigniter4-framework-b3359be/system/Database/MySQLi/Connection.php:201
Stack trace:
#0 /home/sedra/Documents/Caisse/codeigniter4-framework-v4.7 (2).2-0-gb3359be/codeigniter4-framework-b3359be/system/Database/MySQLi/Connection.php(201): mysqli->real_connect()
#1 /home/sedra/Documents/Caisse/codeigniter4-framework-v4.7 (2).2-0-gb3359be/codeigniter4-framework-b3359be/system/Database/BaseConnection.php(555): CodeIgniter\Database\MySQLi\Connection->connect()
#2 /home/sedra/Documents/Caisse/codeigniter4-framework-v4.7 (2).2-0-gb3359be/codeigniter4-framework-b3359be/system/Database/BaseConnection.php(795): CodeIgniter\Database\BaseConnection->initialize()
#3 /home/sedra/Documents/Caisse/codeigniter4-framework-v4.7 (2).2-0-gb3359be/codeigniter4-framework-b3359be/system/Database/BaseBuilder.php(1649): CodeIgniter\Database\BaseConnection->query()
#4 /home/sedra/Documents/Caisse/codeigniter4-framework-v4.7 (2).2-0-gb3359be/codeigniter4-framework-b3359be/system/Model.php(253): CodeIgniter\Database\BaseBuilder->get()
#5 /home/sedra/Documents/Caisse/codeigniter4-framework-v4.7 (2).2-0-gb3359be/codeigniter4-framework-b3359be/system/BaseModel.php(676): CodeIgniter\Model->doFindAll()
#6 /home/sedra/Documents/Caisse/codeigniter4-framework-v4.7 (2).2-0-gb3359be/codeigniter4-framework-b3359be/app/Models/ProduitModel.php(19): CodeIgniter\BaseModel->findAll()
#7 /home/sedra/Documents/Caisse/codeigniter4-framework-v4.7 (2).2-0-gb3359be/codeigniter4-framework-b3359be/app/Controllers/Test.php(16): App\Models\ProduitModel->getAllProduits()
#8 /home/sedra/Documents/Caisse/codeigniter4-framework-v4.7 (2).2-0-gb3359be/codeigniter4-framework-b3359be/system/CodeIgniter.php(951): App\Controllers\Test->index()
#9 /home/sedra/Documents/Caisse/codeigniter4-framework-v4.7 (2).2-0-gb3359be/codeigniter4-framework-b3359be/system/CodeIgniter.php(497): CodeIgniter\CodeIgniter->runController()
#10 /home/sedra/Documents/Caisse/codeigniter4-framework-v4.7 (2).2-0-gb3359be/codeigniter4-framework-b3359be/system/CodeIgniter.php(340): CodeIgniter\CodeIgniter->handleRequest()
#11 /home/sedra/Documents/Caisse/codeigniter4-framework-v4.7 (2).2-0-gb3359be/codeigniter4-framework-b3359be/system/Boot.php(417): CodeIgniter\CodeIgniter->run()
#12 /home/sedra/Documents/Caisse/codeigniter4-framework-v4.7 (2).2-0-gb3359be/codeigniter4-framework-b3359be/system/Boot.php(68): CodeIgniter\Boot::runCodeIgniter()
#13 /home/sedra/Documents/Caisse/codeigniter4-framework-v4.7 (2).2-0-gb3359be/codeigniter4-framework-b3359be/public/index.php(59): CodeIgniter\Boot::bootWeb()
#14 /home/sedra/Documents/Caisse/codeigniter4-framework-v4.7 (2).2-0-gb3359be/codeigniter4-framework-b3359be/system/rewrite.php(44): require_once('...')
#15 {main}

Next CodeIgniter\Database\Exceptions\DatabaseException: No such file or directory in /home/sedra/Documents/Caisse/codeigniter4-framework-v4.7 (2).2-0-gb3359be/codeigniter4-framework-b3359be/system/Database/MySQLi/Connection.php:231
Stack trace:
#0 /home/sedra/Documents/Caisse/codeigniter4-framework-v4.7 (2).2-0-gb3359be/codeigniter4-framework-b3359be/system/Database/BaseConnection.php(555): CodeIgniter\Database\MySQLi\Connection->connect()
#1 /home/sedra/Documents/Caisse/codeigniter4-framework-v4.7 (2).2-0-gb3359be/codeigniter4-framework-b3359be/system/Database/BaseConnection.php(795): CodeIgniter\Database\BaseConnection->initialize()
#2 /home/sedra/Documents/Caisse/codeigniter4-framework-v4.7 (2).2-0-gb3359be/codeigniter4-framework-b3359be/system/Database/BaseBuilder.php(1649): CodeIgniter\Database\BaseConnection->query()
#3 /home/sedra/Documents/Caisse/codeigniter4-framework-v4.7 (2).2-0-gb3359be/codeigniter4-framework-b3359be/system/Model.php(253): CodeIgniter\Database\BaseBuilder->get()
#4 /home/sedra/Documents/Caisse/codeigniter4-framework-v4.7 (2).2-0-gb3359be/codeigniter4-framework-b3359be/system/BaseModel.php(676): CodeIgniter\Model->doFindAll()
#5 /home/sedra/Documents/Caisse/codeigniter4-framework-v4.7 (2).2-0-gb3359be/codeigniter4-framework-b3359be/app/Models/ProduitModel.php(19): CodeIgniter\BaseModel->findAll()
#6 /home/sedra/Documents/Caisse/codeigniter4-framework-v4.7 (2).2-0-gb3359be/codeigniter4-framework-b3359be/app/Controllers/Test.php(16): App\Models\ProduitModel->getAllProduits()
#7 /home/sedra/Documents/Caisse/codeigniter4-framework-v4.7 (2).2-0-gb3359be/codeigniter4-framework-b3359be/system/CodeIgniter.php(951): App\Controllers\Test->index()
#8 /home/sedra/Documents/Caisse/codeigniter4-framework-v4.7 (2).2-0-gb3359be/codeigniter4-framework-b3359be/system/CodeIgniter.php(497): CodeIgniter\CodeIgniter->runController()
#9 /home/sedra/Documents/Caisse/codeigniter4-framework-v4.7 (2).2-0-gb3359be/codeigniter4-framework-b3359be/system/CodeIgniter.php(340): CodeIgniter\CodeIgniter->handleRequest()
#10 /home/sedra/Documents/Caisse/codeigniter4-framework-v4.7 (2).2-0-gb3359be/codeigniter4-framework-b3359be/system/Boot.php(417): CodeIgniter\CodeIgniter->run()
#11 /home/sedra/Documents/Caisse/codeigniter4-framework-v4.7 (2).2-0-gb3359be/codeigniter4-framework-b3359be/system/Boot.php(68): CodeIgniter\Boot::runCodeIgniter()
#12 /home/sedra/Documents/Caisse/codeigniter4-framework-v4.7 (2).2-0-gb3359be/codeigniter4-framework-b3359be/public/index.php(59): CodeIgniter\Boot::bootWeb()
#13 /home/sedra/Documents/Caisse/codeigniter4-framework-v4.7 (2).2-0-gb3359be/codeigniter4-framework-b3359be/system/rewrite.php(44): require_once('...')
#14 {main}
CRITICAL - 2026-06-17 06:52:44 --> CodeIgniter\Database\Exceptions\DatabaseException: Unable to connect to the database.
Main connection [MySQLi]: No such file or directory
[Method: GET, Route: test]
in SYSTEMPATH/Database/BaseConnection.php on line 606.
 1 SYSTEMPATH/Database/BaseConnection.php(795): CodeIgniter\Database\BaseConnection->initialize()
 2 SYSTEMPATH/Database/BaseBuilder.php(1649): CodeIgniter\Database\BaseConnection->query()
 3 SYSTEMPATH/Model.php(253): CodeIgniter\Database\BaseBuilder->get()
 4 SYSTEMPATH/BaseModel.php(676): CodeIgniter\Model->doFindAll()
 5 APPPATH/Models/ProduitModel.php(19): CodeIgniter\BaseModel->findAll()
 6 APPPATH/Controllers/Test.php(16): App\Models\ProduitModel->getAllProduits()
 7 SYSTEMPATH/CodeIgniter.php(951): App\Controllers\Test->index()
 8 SYSTEMPATH/CodeIgniter.php(497): CodeIgniter\CodeIgniter->runController()
 9 SYSTEMPATH/CodeIgniter.php(340): CodeIgniter\CodeIgniter->handleRequest()
10 SYSTEMPATH/Boot.php(417): CodeIgniter\CodeIgniter->run()
11 SYSTEMPATH/Boot.php(68): CodeIgniter\Boot::runCodeIgniter()
12 FCPATH/index.php(59): CodeIgniter\Boot::bootWeb()
13 SYSTEMPATH/rewrite.php(44): require_once('/home/sedra/Documents/Caisse/codeigniter4-framework-v4.7 (2).2-0-gb3359be/codeigniter4-framework-b3359be/public/index.php')
ERROR - 2026-06-17 06:55:14 --> Unable to prepare statement: 1, no such table: produit
in SYSTEMPATH/Database/SQLite3/Connection.php on line 164.
 1 SYSTEMPATH/Database/SQLite3/Connection.php(164): SQLite3->query()
 2 SYSTEMPATH/Database/BaseConnection.php(910): CodeIgniter\Database\SQLite3\Connection->execute()
 3 SYSTEMPATH/Database/BaseConnection.php(827): CodeIgniter\Database\BaseConnection->simpleQuery()
 4 SYSTEMPATH/Database/BaseBuilder.php(1649): CodeIgniter\Database\BaseConnection->query()
 5 SYSTEMPATH/Model.php(253): CodeIgniter\Database\BaseBuilder->get()
 6 SYSTEMPATH/BaseModel.php(676): CodeIgniter\Model->doFindAll()
 7 APPPATH/Models/ProduitModel.php(19): CodeIgniter\BaseModel->findAll()
 8 APPPATH/Controllers/Test.php(16): App\Models\ProduitModel->getAllProduits()
 9 SYSTEMPATH/CodeIgniter.php(951): App\Controllers\Test->index()
10 SYSTEMPATH/CodeIgniter.php(497): CodeIgniter\CodeIgniter->runController()
11 SYSTEMPATH/CodeIgniter.php(340): CodeIgniter\CodeIgniter->handleRequest()
12 SYSTEMPATH/Boot.php(417): CodeIgniter\CodeIgniter->run()
13 SYSTEMPATH/Boot.php(68): CodeIgniter\Boot::runCodeIgniter()
14 FCPATH/index.php(59): CodeIgniter\Boot::bootWeb()
15 SYSTEMPATH/rewrite.php(44): require_once('/home/sedra/Documents/Caisse/codeigniter4-framework-v4.7 (2).2-0-gb3359be/codeigniter4-framework-b3359be/public/index.php')
CRITICAL - 2026-06-17 06:55:14 --> CodeIgniter\Database\Exceptions\DatabaseException: Unable to prepare statement: 1, no such table: produit
[Method: GET, Route: test]
in SYSTEMPATH/Database/BaseConnection.php on line 865.
 1 SYSTEMPATH/Database/BaseBuilder.php(1649): CodeIgniter\Database\BaseConnection->query()
 2 SYSTEMPATH/Model.php(253): CodeIgniter\Database\BaseBuilder->get()
 3 SYSTEMPATH/BaseModel.php(676): CodeIgniter\Model->doFindAll()
 4 APPPATH/Models/ProduitModel.php(19): CodeIgniter\BaseModel->findAll()
 5 APPPATH/Controllers/Test.php(16): App\Models\ProduitModel->getAllProduits()
 6 SYSTEMPATH/CodeIgniter.php(951): App\Controllers\Test->index()
 7 SYSTEMPATH/CodeIgniter.php(497): CodeIgniter\CodeIgniter->runController()
 8 SYSTEMPATH/CodeIgniter.php(340): CodeIgniter\CodeIgniter->handleRequest()
 9 SYSTEMPATH/Boot.php(417): CodeIgniter\CodeIgniter->run()
10 SYSTEMPATH/Boot.php(68): CodeIgniter\Boot::runCodeIgniter()
11 FCPATH/index.php(59): CodeIgniter\Boot::bootWeb()
12 SYSTEMPATH/rewrite.php(44): require_once('/home/sedra/Documents/Caisse/codeigniter4-framework-v4.7 (2).2-0-gb3359be/codeigniter4-framework-b3359be/public/index.php')
CRITICAL - 2026-06-17 06:55:14 --> [Caused by] CodeIgniter\Database\Exceptions\DatabaseException: Unable to prepare statement: 1, no such table: produit
in SYSTEMPATH/Database/SQLite3/Connection.php on line 174.
 1 SYSTEMPATH/Database/BaseConnection.php(910): CodeIgniter\Database\SQLite3\Connection->execute()
 2 SYSTEMPATH/Database/BaseConnection.php(827): CodeIgniter\Database\BaseConnection->simpleQuery()
 3 SYSTEMPATH/Database/BaseBuilder.php(1649): CodeIgniter\Database\BaseConnection->query()
 4 SYSTEMPATH/Model.php(253): CodeIgniter\Database\BaseBuilder->get()
 5 SYSTEMPATH/BaseModel.php(676): CodeIgniter\Model->doFindAll()
 6 APPPATH/Models/ProduitModel.php(19): CodeIgniter\BaseModel->findAll()
 7 APPPATH/Controllers/Test.php(16): App\Models\ProduitModel->getAllProduits()
 8 SYSTEMPATH/CodeIgniter.php(951): App\Controllers\Test->index()
 9 SYSTEMPATH/CodeIgniter.php(497): CodeIgniter\CodeIgniter->runController()
10 SYSTEMPATH/CodeIgniter.php(340): CodeIgniter\CodeIgniter->handleRequest()
11 SYSTEMPATH/Boot.php(417): CodeIgniter\CodeIgniter->run()
12 SYSTEMPATH/Boot.php(68): CodeIgniter\Boot::runCodeIgniter()
13 FCPATH/index.php(59): CodeIgniter\Boot::bootWeb()
14 SYSTEMPATH/rewrite.php(44): require_once('/home/sedra/Documents/Caisse/codeigniter4-framework-v4.7 (2).2-0-gb3359be/codeigniter4-framework-b3359be/public/index.php')
CRITICAL - 2026-06-17 06:55:14 --> [Caused by] Exception: Unable to prepare statement: 1, no such table: produit
in SYSTEMPATH/Database/SQLite3/Connection.php on line 164.
 1 SYSTEMPATH/Database/SQLite3/Connection.php(164): SQLite3->query()
 2 SYSTEMPATH/Database/BaseConnection.php(910): CodeIgniter\Database\SQLite3\Connection->execute()
 3 SYSTEMPATH/Database/BaseConnection.php(827): CodeIgniter\Database\BaseConnection->simpleQuery()
 4 SYSTEMPATH/Database/BaseBuilder.php(1649): CodeIgniter\Database\BaseConnection->query()
 5 SYSTEMPATH/Model.php(253): CodeIgniter\Database\BaseBuilder->get()
 6 SYSTEMPATH/BaseModel.php(676): CodeIgniter\Model->doFindAll()
 7 APPPATH/Models/ProduitModel.php(19): CodeIgniter\BaseModel->findAll()
 8 APPPATH/Controllers/Test.php(16): App\Models\ProduitModel->getAllProduits()
 9 SYSTEMPATH/CodeIgniter.php(951): App\Controllers\Test->index()
10 SYSTEMPATH/CodeIgniter.php(497): CodeIgniter\CodeIgniter->runController()
11 SYSTEMPATH/CodeIgniter.php(340): CodeIgniter\CodeIgniter->handleRequest()
12 SYSTEMPATH/Boot.php(417): CodeIgniter\CodeIgniter->run()
13 SYSTEMPATH/Boot.php(68): CodeIgniter\Boot::runCodeIgniter()
14 FCPATH/index.php(59): CodeIgniter\Boot::bootWeb()
15 SYSTEMPATH/rewrite.php(44): require_once('/home/sedra/Documents/Caisse/codeigniter4-framework-v4.7 (2).2-0-gb3359be/codeigniter4-framework-b3359be/public/index.php')
ERROR - 2026-06-17 06:55:15 --> Unable to prepare statement: 1, no such table: produit
in SYSTEMPATH/Database/SQLite3/Connection.php on line 164.
 1 SYSTEMPATH/Database/SQLite3/Connection.php(164): SQLite3->query()
 2 SYSTEMPATH/Database/BaseConnection.php(910): CodeIgniter\Database\SQLite3\Connection->execute()
 3 SYSTEMPATH/Database/BaseConnection.php(827): CodeIgniter\Database\BaseConnection->simpleQuery()
 4 SYSTEMPATH/Database/BaseBuilder.php(1649): CodeIgniter\Database\BaseConnection->query()
 5 SYSTEMPATH/Model.php(253): CodeIgniter\Database\BaseBuilder->get()
 6 SYSTEMPATH/BaseModel.php(676): CodeIgniter\Model->doFindAll()
 7 APPPATH/Models/ProduitModel.php(19): CodeIgniter\BaseModel->findAll()
 8 APPPATH/Controllers/Test.php(16): App\Models\ProduitModel->getAllProduits()
 9 SYSTEMPATH/CodeIgniter.php(951): App\Controllers\Test->index()
10 SYSTEMPATH/CodeIgniter.php(497): CodeIgniter\CodeIgniter->runController()
11 SYSTEMPATH/CodeIgniter.php(340): CodeIgniter\CodeIgniter->handleRequest()
12 SYSTEMPATH/Boot.php(417): CodeIgniter\CodeIgniter->run()
13 SYSTEMPATH/Boot.php(68): CodeIgniter\Boot::runCodeIgniter()
14 FCPATH/index.php(59): CodeIgniter\Boot::bootWeb()
15 SYSTEMPATH/rewrite.php(44): require_once('/home/sedra/Documents/Caisse/codeigniter4-framework-v4.7 (2).2-0-gb3359be/codeigniter4-framework-b3359be/public/index.php')
CRITICAL - 2026-06-17 06:55:15 --> CodeIgniter\Database\Exceptions\DatabaseException: Unable to prepare statement: 1, no such table: produit
[Method: GET, Route: test]
in SYSTEMPATH/Database/BaseConnection.php on line 865.
 1 SYSTEMPATH/Database/BaseBuilder.php(1649): CodeIgniter\Database\BaseConnection->query()
 2 SYSTEMPATH/Model.php(253): CodeIgniter\Database\BaseBuilder->get()
 3 SYSTEMPATH/BaseModel.php(676): CodeIgniter\Model->doFindAll()
 4 APPPATH/Models/ProduitModel.php(19): CodeIgniter\BaseModel->findAll()
 5 APPPATH/Controllers/Test.php(16): App\Models\ProduitModel->getAllProduits()
 6 SYSTEMPATH/CodeIgniter.php(951): App\Controllers\Test->index()
 7 SYSTEMPATH/CodeIgniter.php(497): CodeIgniter\CodeIgniter->runController()
 8 SYSTEMPATH/CodeIgniter.php(340): CodeIgniter\CodeIgniter->handleRequest()
 9 SYSTEMPATH/Boot.php(417): CodeIgniter\CodeIgniter->run()
10 SYSTEMPATH/Boot.php(68): CodeIgniter\Boot::runCodeIgniter()
11 FCPATH/index.php(59): CodeIgniter\Boot::bootWeb()
12 SYSTEMPATH/rewrite.php(44): require_once('/home/sedra/Documents/Caisse/codeigniter4-framework-v4.7 (2).2-0-gb3359be/codeigniter4-framework-b3359be/public/index.php')
CRITICAL - 2026-06-17 06:55:15 --> [Caused by] CodeIgniter\Database\Exceptions\DatabaseException: Unable to prepare statement: 1, no such table: produit
in SYSTEMPATH/Database/SQLite3/Connection.php on line 174.
 1 SYSTEMPATH/Database/BaseConnection.php(910): CodeIgniter\Database\SQLite3\Connection->execute()
 2 SYSTEMPATH/Database/BaseConnection.php(827): CodeIgniter\Database\BaseConnection->simpleQuery()
 3 SYSTEMPATH/Database/BaseBuilder.php(1649): CodeIgniter\Database\BaseConnection->query()
 4 SYSTEMPATH/Model.php(253): CodeIgniter\Database\BaseBuilder->get()
 5 SYSTEMPATH/BaseModel.php(676): CodeIgniter\Model->doFindAll()
 6 APPPATH/Models/ProduitModel.php(19): CodeIgniter\BaseModel->findAll()
 7 APPPATH/Controllers/Test.php(16): App\Models\ProduitModel->getAllProduits()
 8 SYSTEMPATH/CodeIgniter.php(951): App\Controllers\Test->index()
 9 SYSTEMPATH/CodeIgniter.php(497): CodeIgniter\CodeIgniter->runController()
10 SYSTEMPATH/CodeIgniter.php(340): CodeIgniter\CodeIgniter->handleRequest()
11 SYSTEMPATH/Boot.php(417): CodeIgniter\CodeIgniter->run()
12 SYSTEMPATH/Boot.php(68): CodeIgniter\Boot::runCodeIgniter()
13 FCPATH/index.php(59): CodeIgniter\Boot::bootWeb()
14 SYSTEMPATH/rewrite.php(44): require_once('/home/sedra/Documents/Caisse/codeigniter4-framework-v4.7 (2).2-0-gb3359be/codeigniter4-framework-b3359be/public/index.php')
CRITICAL - 2026-06-17 06:55:15 --> [Caused by] Exception: Unable to prepare statement: 1, no such table: produit
in SYSTEMPATH/Database/SQLite3/Connection.php on line 164.
 1 SYSTEMPATH/Database/SQLite3/Connection.php(164): SQLite3->query()
 2 SYSTEMPATH/Database/BaseConnection.php(910): CodeIgniter\Database\SQLite3\Connection->execute()
 3 SYSTEMPATH/Database/BaseConnection.php(827): CodeIgniter\Database\BaseConnection->simpleQuery()
 4 SYSTEMPATH/Database/BaseBuilder.php(1649): CodeIgniter\Database\BaseConnection->query()
 5 SYSTEMPATH/Model.php(253): CodeIgniter\Database\BaseBuilder->get()
 6 SYSTEMPATH/BaseModel.php(676): CodeIgniter\Model->doFindAll()
 7 APPPATH/Models/ProduitModel.php(19): CodeIgniter\BaseModel->findAll()
 8 APPPATH/Controllers/Test.php(16): App\Models\ProduitModel->getAllProduits()
 9 SYSTEMPATH/CodeIgniter.php(951): App\Controllers\Test->index()
10 SYSTEMPATH/CodeIgniter.php(497): CodeIgniter\CodeIgniter->runController()
11 SYSTEMPATH/CodeIgniter.php(340): CodeIgniter\CodeIgniter->handleRequest()
12 SYSTEMPATH/Boot.php(417): CodeIgniter\CodeIgniter->run()
13 SYSTEMPATH/Boot.php(68): CodeIgniter\Boot::runCodeIgniter()
14 FCPATH/index.php(59): CodeIgniter\Boot::bootWeb()
15 SYSTEMPATH/rewrite.php(44): require_once('/home/sedra/Documents/Caisse/codeigniter4-framework-v4.7 (2).2-0-gb3359be/codeigniter4-framework-b3359be/public/index.php')
ERROR - 2026-06-17 06:55:15 --> Unable to prepare statement: 1, no such table: produit
in SYSTEMPATH/Database/SQLite3/Connection.php on line 164.
 1 SYSTEMPATH/Database/SQLite3/Connection.php(164): SQLite3->query()
 2 SYSTEMPATH/Database/BaseConnection.php(910): CodeIgniter\Database\SQLite3\Connection->execute()
 3 SYSTEMPATH/Database/BaseConnection.php(827): CodeIgniter\Database\BaseConnection->simpleQuery()
 4 SYSTEMPATH/Database/BaseBuilder.php(1649): CodeIgniter\Database\BaseConnection->query()
 5 SYSTEMPATH/Model.php(253): CodeIgniter\Database\BaseBuilder->get()
 6 SYSTEMPATH/BaseModel.php(676): CodeIgniter\Model->doFindAll()
 7 APPPATH/Models/ProduitModel.php(19): CodeIgniter\BaseModel->findAll()
 8 APPPATH/Controllers/Test.php(16): App\Models\ProduitModel->getAllProduits()
 9 SYSTEMPATH/CodeIgniter.php(951): App\Controllers\Test->index()
10 SYSTEMPATH/CodeIgniter.php(497): CodeIgniter\CodeIgniter->runController()
11 SYSTEMPATH/CodeIgniter.php(340): CodeIgniter\CodeIgniter->handleRequest()
12 SYSTEMPATH/Boot.php(417): CodeIgniter\CodeIgniter->run()
13 SYSTEMPATH/Boot.php(68): CodeIgniter\Boot::runCodeIgniter()
14 FCPATH/index.php(59): CodeIgniter\Boot::bootWeb()
15 SYSTEMPATH/rewrite.php(44): require_once('/home/sedra/Documents/Caisse/codeigniter4-framework-v4.7 (2).2-0-gb3359be/codeigniter4-framework-b3359be/public/index.php')
CRITICAL - 2026-06-17 06:55:15 --> CodeIgniter\Database\Exceptions\DatabaseException: Unable to prepare statement: 1, no such table: produit
[Method: GET, Route: test]
in SYSTEMPATH/Database/BaseConnection.php on line 865.
 1 SYSTEMPATH/Database/BaseBuilder.php(1649): CodeIgniter\Database\BaseConnection->query()
 2 SYSTEMPATH/Model.php(253): CodeIgniter\Database\BaseBuilder->get()
 3 SYSTEMPATH/BaseModel.php(676): CodeIgniter\Model->doFindAll()
 4 APPPATH/Models/ProduitModel.php(19): CodeIgniter\BaseModel->findAll()
 5 APPPATH/Controllers/Test.php(16): App\Models\ProduitModel->getAllProduits()
 6 SYSTEMPATH/CodeIgniter.php(951): App\Controllers\Test->index()
 7 SYSTEMPATH/CodeIgniter.php(497): CodeIgniter\CodeIgniter->runController()
 8 SYSTEMPATH/CodeIgniter.php(340): CodeIgniter\CodeIgniter->handleRequest()
 9 SYSTEMPATH/Boot.php(417): CodeIgniter\CodeIgniter->run()
10 SYSTEMPATH/Boot.php(68): CodeIgniter\Boot::runCodeIgniter()
11 FCPATH/index.php(59): CodeIgniter\Boot::bootWeb()
12 SYSTEMPATH/rewrite.php(44): require_once('/home/sedra/Documents/Caisse/codeigniter4-framework-v4.7 (2).2-0-gb3359be/codeigniter4-framework-b3359be/public/index.php')
CRITICAL - 2026-06-17 06:55:15 --> [Caused by] CodeIgniter\Database\Exceptions\DatabaseException: Unable to prepare statement: 1, no such table: produit
in SYSTEMPATH/Database/SQLite3/Connection.php on line 174.
 1 SYSTEMPATH/Database/BaseConnection.php(910): CodeIgniter\Database\SQLite3\Connection->execute()
 2 SYSTEMPATH/Database/BaseConnection.php(827): CodeIgniter\Database\BaseConnection->simpleQuery()
 3 SYSTEMPATH/Database/BaseBuilder.php(1649): CodeIgniter\Database\BaseConnection->query()
 4 SYSTEMPATH/Model.php(253): CodeIgniter\Database\BaseBuilder->get()
 5 SYSTEMPATH/BaseModel.php(676): CodeIgniter\Model->doFindAll()
 6 APPPATH/Models/ProduitModel.php(19): CodeIgniter\BaseModel->findAll()
 7 APPPATH/Controllers/Test.php(16): App\Models\ProduitModel->getAllProduits()
 8 SYSTEMPATH/CodeIgniter.php(951): App\Controllers\Test->index()
 9 SYSTEMPATH/CodeIgniter.php(497): CodeIgniter\CodeIgniter->runController()
10 SYSTEMPATH/CodeIgniter.php(340): CodeIgniter\CodeIgniter->handleRequest()
11 SYSTEMPATH/Boot.php(417): CodeIgniter\CodeIgniter->run()
12 SYSTEMPATH/Boot.php(68): CodeIgniter\Boot::runCodeIgniter()
13 FCPATH/index.php(59): CodeIgniter\Boot::bootWeb()
14 SYSTEMPATH/rewrite.php(44): require_once('/home/sedra/Documents/Caisse/codeigniter4-framework-v4.7 (2).2-0-gb3359be/codeigniter4-framework-b3359be/public/index.php')
CRITICAL - 2026-06-17 06:55:15 --> [Caused by] Exception: Unable to prepare statement: 1, no such table: produit
in SYSTEMPATH/Database/SQLite3/Connection.php on line 164.
 1 SYSTEMPATH/Database/SQLite3/Connection.php(164): SQLite3->query()
 2 SYSTEMPATH/Database/BaseConnection.php(910): CodeIgniter\Database\SQLite3\Connection->execute()
 3 SYSTEMPATH/Database/BaseConnection.php(827): CodeIgniter\Database\BaseConnection->simpleQuery()
 4 SYSTEMPATH/Database/BaseBuilder.php(1649): CodeIgniter\Database\BaseConnection->query()
 5 SYSTEMPATH/Model.php(253): CodeIgniter\Database\BaseBuilder->get()
 6 SYSTEMPATH/BaseModel.php(676): CodeIgniter\Model->doFindAll()
 7 APPPATH/Models/ProduitModel.php(19): CodeIgniter\BaseModel->findAll()
 8 APPPATH/Controllers/Test.php(16): App\Models\ProduitModel->getAllProduits()
 9 SYSTEMPATH/CodeIgniter.php(951): App\Controllers\Test->index()
10 SYSTEMPATH/CodeIgniter.php(497): CodeIgniter\CodeIgniter->runController()
11 SYSTEMPATH/CodeIgniter.php(340): CodeIgniter\CodeIgniter->handleRequest()
12 SYSTEMPATH/Boot.php(417): CodeIgniter\CodeIgniter->run()
13 SYSTEMPATH/Boot.php(68): CodeIgniter\Boot::runCodeIgniter()
14 FCPATH/index.php(59): CodeIgniter\Boot::bootWeb()
15 SYSTEMPATH/rewrite.php(44): require_once('/home/sedra/Documents/Caisse/codeigniter4-framework-v4.7 (2).2-0-gb3359be/codeigniter4-framework-b3359be/public/index.php')
ERROR - 2026-06-17 06:55:37 --> Unable to prepare statement: 1, no such table: produit
in SYSTEMPATH/Database/SQLite3/Connection.php on line 164.
 1 SYSTEMPATH/Database/SQLite3/Connection.php(164): SQLite3->query()
 2 SYSTEMPATH/Database/BaseConnection.php(910): CodeIgniter\Database\SQLite3\Connection->execute()
 3 SYSTEMPATH/Database/BaseConnection.php(827): CodeIgniter\Database\BaseConnection->simpleQuery()
 4 SYSTEMPATH/Database/BaseBuilder.php(1649): CodeIgniter\Database\BaseConnection->query()
 5 SYSTEMPATH/Model.php(253): CodeIgniter\Database\BaseBuilder->get()
 6 SYSTEMPATH/BaseModel.php(676): CodeIgniter\Model->doFindAll()
 7 APPPATH/Models/ProduitModel.php(19): CodeIgniter\BaseModel->findAll()
 8 APPPATH/Controllers/Test.php(16): App\Models\ProduitModel->getAllProduits()
 9 SYSTEMPATH/CodeIgniter.php(951): App\Controllers\Test->index()
10 SYSTEMPATH/CodeIgniter.php(497): CodeIgniter\CodeIgniter->runController()
11 SYSTEMPATH/CodeIgniter.php(340): CodeIgniter\CodeIgniter->handleRequest()
12 SYSTEMPATH/Boot.php(417): CodeIgniter\CodeIgniter->run()
13 SYSTEMPATH/Boot.php(68): CodeIgniter\Boot::runCodeIgniter()
14 FCPATH/index.php(59): CodeIgniter\Boot::bootWeb()
15 SYSTEMPATH/rewrite.php(44): require_once('/home/sedra/Documents/Caisse/codeigniter4-framework-v4.7 (2).2-0-gb3359be/codeigniter4-framework-b3359be/public/index.php')
CRITICAL - 2026-06-17 06:55:37 --> CodeIgniter\Database\Exceptions\DatabaseException: Unable to prepare statement: 1, no such table: produit
[Method: GET, Route: test]
in SYSTEMPATH/Database/BaseConnection.php on line 865.
 1 SYSTEMPATH/Database/BaseBuilder.php(1649): CodeIgniter\Database\BaseConnection->query()
 2 SYSTEMPATH/Model.php(253): CodeIgniter\Database\BaseBuilder->get()
 3 SYSTEMPATH/BaseModel.php(676): CodeIgniter\Model->doFindAll()
 4 APPPATH/Models/ProduitModel.php(19): CodeIgniter\BaseModel->findAll()
 5 APPPATH/Controllers/Test.php(16): App\Models\ProduitModel->getAllProduits()
 6 SYSTEMPATH/CodeIgniter.php(951): App\Controllers\Test->index()
 7 SYSTEMPATH/CodeIgniter.php(497): CodeIgniter\CodeIgniter->runController()
 8 SYSTEMPATH/CodeIgniter.php(340): CodeIgniter\CodeIgniter->handleRequest()
 9 SYSTEMPATH/Boot.php(417): CodeIgniter\CodeIgniter->run()
10 SYSTEMPATH/Boot.php(68): CodeIgniter\Boot::runCodeIgniter()
11 FCPATH/index.php(59): CodeIgniter\Boot::bootWeb()
12 SYSTEMPATH/rewrite.php(44): require_once('/home/sedra/Documents/Caisse/codeigniter4-framework-v4.7 (2).2-0-gb3359be/codeigniter4-framework-b3359be/public/index.php')
CRITICAL - 2026-06-17 06:55:37 --> [Caused by] CodeIgniter\Database\Exceptions\DatabaseException: Unable to prepare statement: 1, no such table: produit
in SYSTEMPATH/Database/SQLite3/Connection.php on line 174.
 1 SYSTEMPATH/Database/BaseConnection.php(910): CodeIgniter\Database\SQLite3\Connection->execute()
 2 SYSTEMPATH/Database/BaseConnection.php(827): CodeIgniter\Database\BaseConnection->simpleQuery()
 3 SYSTEMPATH/Database/BaseBuilder.php(1649): CodeIgniter\Database\BaseConnection->query()
 4 SYSTEMPATH/Model.php(253): CodeIgniter\Database\BaseBuilder->get()
 5 SYSTEMPATH/BaseModel.php(676): CodeIgniter\Model->doFindAll()
 6 APPPATH/Models/ProduitModel.php(19): CodeIgniter\BaseModel->findAll()
 7 APPPATH/Controllers/Test.php(16): App\Models\ProduitModel->getAllProduits()
 8 SYSTEMPATH/CodeIgniter.php(951): App\Controllers\Test->index()
 9 SYSTEMPATH/CodeIgniter.php(497): CodeIgniter\CodeIgniter->runController()
10 SYSTEMPATH/CodeIgniter.php(340): CodeIgniter\CodeIgniter->handleRequest()
11 SYSTEMPATH/Boot.php(417): CodeIgniter\CodeIgniter->run()
12 SYSTEMPATH/Boot.php(68): CodeIgniter\Boot::runCodeIgniter()
13 FCPATH/index.php(59): CodeIgniter\Boot::bootWeb()
14 SYSTEMPATH/rewrite.php(44): require_once('/home/sedra/Documents/Caisse/codeigniter4-framework-v4.7 (2).2-0-gb3359be/codeigniter4-framework-b3359be/public/index.php')
CRITICAL - 2026-06-17 06:55:37 --> [Caused by] Exception: Unable to prepare statement: 1, no such table: produit
in SYSTEMPATH/Database/SQLite3/Connection.php on line 164.
 1 SYSTEMPATH/Database/SQLite3/Connection.php(164): SQLite3->query()
 2 SYSTEMPATH/Database/BaseConnection.php(910): CodeIgniter\Database\SQLite3\Connection->execute()
 3 SYSTEMPATH/Database/BaseConnection.php(827): CodeIgniter\Database\BaseConnection->simpleQuery()
 4 SYSTEMPATH/Database/BaseBuilder.php(1649): CodeIgniter\Database\BaseConnection->query()
 5 SYSTEMPATH/Model.php(253): CodeIgniter\Database\BaseBuilder->get()
 6 SYSTEMPATH/BaseModel.php(676): CodeIgniter\Model->doFindAll()
 7 APPPATH/Models/ProduitModel.php(19): CodeIgniter\BaseModel->findAll()
 8 APPPATH/Controllers/Test.php(16): App\Models\ProduitModel->getAllProduits()
 9 SYSTEMPATH/CodeIgniter.php(951): App\Controllers\Test->index()
10 SYSTEMPATH/CodeIgniter.php(497): CodeIgniter\CodeIgniter->runController()
11 SYSTEMPATH/CodeIgniter.php(340): CodeIgniter\CodeIgniter->handleRequest()
12 SYSTEMPATH/Boot.php(417): CodeIgniter\CodeIgniter->run()
13 SYSTEMPATH/Boot.php(68): CodeIgniter\Boot::runCodeIgniter()
14 FCPATH/index.php(59): CodeIgniter\Boot::bootWeb()
15 SYSTEMPATH/rewrite.php(44): require_once('/home/sedra/Documents/Caisse/codeigniter4-framework-v4.7 (2).2-0-gb3359be/codeigniter4-framework-b3359be/public/index.php')
ERROR - 2026-06-17 06:55:38 --> Unable to prepare statement: 1, no such table: produit
in SYSTEMPATH/Database/SQLite3/Connection.php on line 164.
 1 SYSTEMPATH/Database/SQLite3/Connection.php(164): SQLite3->query()
 2 SYSTEMPATH/Database/BaseConnection.php(910): CodeIgniter\Database\SQLite3\Connection->execute()
 3 SYSTEMPATH/Database/BaseConnection.php(827): CodeIgniter\Database\BaseConnection->simpleQuery()
 4 SYSTEMPATH/Database/BaseBuilder.php(1649): CodeIgniter\Database\BaseConnection->query()
 5 SYSTEMPATH/Model.php(253): CodeIgniter\Database\BaseBuilder->get()
 6 SYSTEMPATH/BaseModel.php(676): CodeIgniter\Model->doFindAll()
 7 APPPATH/Models/ProduitModel.php(19): CodeIgniter\BaseModel->findAll()
 8 APPPATH/Controllers/Test.php(16): App\Models\ProduitModel->getAllProduits()
 9 SYSTEMPATH/CodeIgniter.php(951): App\Controllers\Test->index()
10 SYSTEMPATH/CodeIgniter.php(497): CodeIgniter\CodeIgniter->runController()
11 SYSTEMPATH/CodeIgniter.php(340): CodeIgniter\CodeIgniter->handleRequest()
12 SYSTEMPATH/Boot.php(417): CodeIgniter\CodeIgniter->run()
13 SYSTEMPATH/Boot.php(68): CodeIgniter\Boot::runCodeIgniter()
14 FCPATH/index.php(59): CodeIgniter\Boot::bootWeb()
15 SYSTEMPATH/rewrite.php(44): require_once('/home/sedra/Documents/Caisse/codeigniter4-framework-v4.7 (2).2-0-gb3359be/codeigniter4-framework-b3359be/public/index.php')
CRITICAL - 2026-06-17 06:55:38 --> CodeIgniter\Database\Exceptions\DatabaseException: Unable to prepare statement: 1, no such table: produit
[Method: GET, Route: test]
in SYSTEMPATH/Database/BaseConnection.php on line 865.
 1 SYSTEMPATH/Database/BaseBuilder.php(1649): CodeIgniter\Database\BaseConnection->query()
 2 SYSTEMPATH/Model.php(253): CodeIgniter\Database\BaseBuilder->get()
 3 SYSTEMPATH/BaseModel.php(676): CodeIgniter\Model->doFindAll()
 4 APPPATH/Models/ProduitModel.php(19): CodeIgniter\BaseModel->findAll()
 5 APPPATH/Controllers/Test.php(16): App\Models\ProduitModel->getAllProduits()
 6 SYSTEMPATH/CodeIgniter.php(951): App\Controllers\Test->index()
 7 SYSTEMPATH/CodeIgniter.php(497): CodeIgniter\CodeIgniter->runController()
 8 SYSTEMPATH/CodeIgniter.php(340): CodeIgniter\CodeIgniter->handleRequest()
 9 SYSTEMPATH/Boot.php(417): CodeIgniter\CodeIgniter->run()
10 SYSTEMPATH/Boot.php(68): CodeIgniter\Boot::runCodeIgniter()
11 FCPATH/index.php(59): CodeIgniter\Boot::bootWeb()
12 SYSTEMPATH/rewrite.php(44): require_once('/home/sedra/Documents/Caisse/codeigniter4-framework-v4.7 (2).2-0-gb3359be/codeigniter4-framework-b3359be/public/index.php')
CRITICAL - 2026-06-17 06:55:38 --> [Caused by] CodeIgniter\Database\Exceptions\DatabaseException: Unable to prepare statement: 1, no such table: produit
in SYSTEMPATH/Database/SQLite3/Connection.php on line 174.
 1 SYSTEMPATH/Database/BaseConnection.php(910): CodeIgniter\Database\SQLite3\Connection->execute()
 2 SYSTEMPATH/Database/BaseConnection.php(827): CodeIgniter\Database\BaseConnection->simpleQuery()
 3 SYSTEMPATH/Database/BaseBuilder.php(1649): CodeIgniter\Database\BaseConnection->query()
 4 SYSTEMPATH/Model.php(253): CodeIgniter\Database\BaseBuilder->get()
 5 SYSTEMPATH/BaseModel.php(676): CodeIgniter\Model->doFindAll()
 6 APPPATH/Models/ProduitModel.php(19): CodeIgniter\BaseModel->findAll()
 7 APPPATH/Controllers/Test.php(16): App\Models\ProduitModel->getAllProduits()
 8 SYSTEMPATH/CodeIgniter.php(951): App\Controllers\Test->index()
 9 SYSTEMPATH/CodeIgniter.php(497): CodeIgniter\CodeIgniter->runController()
10 SYSTEMPATH/CodeIgniter.php(340): CodeIgniter\CodeIgniter->handleRequest()
11 SYSTEMPATH/Boot.php(417): CodeIgniter\CodeIgniter->run()
12 SYSTEMPATH/Boot.php(68): CodeIgniter\Boot::runCodeIgniter()
13 FCPATH/index.php(59): CodeIgniter\Boot::bootWeb()
14 SYSTEMPATH/rewrite.php(44): require_once('/home/sedra/Documents/Caisse/codeigniter4-framework-v4.7 (2).2-0-gb3359be/codeigniter4-framework-b3359be/public/index.php')
CRITICAL - 2026-06-17 06:55:38 --> [Caused by] Exception: Unable to prepare statement: 1, no such table: produit
in SYSTEMPATH/Database/SQLite3/Connection.php on line 164.
 1 SYSTEMPATH/Database/SQLite3/Connection.php(164): SQLite3->query()
 2 SYSTEMPATH/Database/BaseConnection.php(910): CodeIgniter\Database\SQLite3\Connection->execute()
 3 SYSTEMPATH/Database/BaseConnection.php(827): CodeIgniter\Database\BaseConnection->simpleQuery()
 4 SYSTEMPATH/Database/BaseBuilder.php(1649): CodeIgniter\Database\BaseConnection->query()
 5 SYSTEMPATH/Model.php(253): CodeIgniter\Database\BaseBuilder->get()
 6 SYSTEMPATH/BaseModel.php(676): CodeIgniter\Model->doFindAll()
 7 APPPATH/Models/ProduitModel.php(19): CodeIgniter\BaseModel->findAll()
 8 APPPATH/Controllers/Test.php(16): App\Models\ProduitModel->getAllProduits()
 9 SYSTEMPATH/CodeIgniter.php(951): App\Controllers\Test->index()
10 SYSTEMPATH/CodeIgniter.php(497): CodeIgniter\CodeIgniter->runController()
11 SYSTEMPATH/CodeIgniter.php(340): CodeIgniter\CodeIgniter->handleRequest()
12 SYSTEMPATH/Boot.php(417): CodeIgniter\CodeIgniter->run()
13 SYSTEMPATH/Boot.php(68): CodeIgniter\Boot::runCodeIgniter()
14 FCPATH/index.php(59): CodeIgniter\Boot::bootWeb()
15 SYSTEMPATH/rewrite.php(44): require_once('/home/sedra/Documents/Caisse/codeigniter4-framework-v4.7 (2).2-0-gb3359be/codeigniter4-framework-b3359be/public/index.php')
ERROR - 2026-06-17 06:55:38 --> Unable to prepare statement: 1, no such table: produit
in SYSTEMPATH/Database/SQLite3/Connection.php on line 164.
 1 SYSTEMPATH/Database/SQLite3/Connection.php(164): SQLite3->query()
 2 SYSTEMPATH/Database/BaseConnection.php(910): CodeIgniter\Database\SQLite3\Connection->execute()
 3 SYSTEMPATH/Database/BaseConnection.php(827): CodeIgniter\Database\BaseConnection->simpleQuery()
 4 SYSTEMPATH/Database/BaseBuilder.php(1649): CodeIgniter\Database\BaseConnection->query()
 5 SYSTEMPATH/Model.php(253): CodeIgniter\Database\BaseBuilder->get()
 6 SYSTEMPATH/BaseModel.php(676): CodeIgniter\Model->doFindAll()
 7 APPPATH/Models/ProduitModel.php(19): CodeIgniter\BaseModel->findAll()
 8 APPPATH/Controllers/Test.php(16): App\Models\ProduitModel->getAllProduits()
 9 SYSTEMPATH/CodeIgniter.php(951): App\Controllers\Test->index()
10 SYSTEMPATH/CodeIgniter.php(497): CodeIgniter\CodeIgniter->runController()
11 SYSTEMPATH/CodeIgniter.php(340): CodeIgniter\CodeIgniter->handleRequest()
12 SYSTEMPATH/Boot.php(417): CodeIgniter\CodeIgniter->run()
13 SYSTEMPATH/Boot.php(68): CodeIgniter\Boot::runCodeIgniter()
14 FCPATH/index.php(59): CodeIgniter\Boot::bootWeb()
15 SYSTEMPATH/rewrite.php(44): require_once('/home/sedra/Documents/Caisse/codeigniter4-framework-v4.7 (2).2-0-gb3359be/codeigniter4-framework-b3359be/public/index.php')
CRITICAL - 2026-06-17 06:55:38 --> CodeIgniter\Database\Exceptions\DatabaseException: Unable to prepare statement: 1, no such table: produit
[Method: GET, Route: test]
in SYSTEMPATH/Database/BaseConnection.php on line 865.
 1 SYSTEMPATH/Database/BaseBuilder.php(1649): CodeIgniter\Database\BaseConnection->query()
 2 SYSTEMPATH/Model.php(253): CodeIgniter\Database\BaseBuilder->get()
 3 SYSTEMPATH/BaseModel.php(676): CodeIgniter\Model->doFindAll()
 4 APPPATH/Models/ProduitModel.php(19): CodeIgniter\BaseModel->findAll()
 5 APPPATH/Controllers/Test.php(16): App\Models\ProduitModel->getAllProduits()
 6 SYSTEMPATH/CodeIgniter.php(951): App\Controllers\Test->index()
 7 SYSTEMPATH/CodeIgniter.php(497): CodeIgniter\CodeIgniter->runController()
 8 SYSTEMPATH/CodeIgniter.php(340): CodeIgniter\CodeIgniter->handleRequest()
 9 SYSTEMPATH/Boot.php(417): CodeIgniter\CodeIgniter->run()
10 SYSTEMPATH/Boot.php(68): CodeIgniter\Boot::runCodeIgniter()
11 FCPATH/index.php(59): CodeIgniter\Boot::bootWeb()
12 SYSTEMPATH/rewrite.php(44): require_once('/home/sedra/Documents/Caisse/codeigniter4-framework-v4.7 (2).2-0-gb3359be/codeigniter4-framework-b3359be/public/index.php')
CRITICAL - 2026-06-17 06:55:38 --> [Caused by] CodeIgniter\Database\Exceptions\DatabaseException: Unable to prepare statement: 1, no such table: produit
in SYSTEMPATH/Database/SQLite3/Connection.php on line 174.
 1 SYSTEMPATH/Database/BaseConnection.php(910): CodeIgniter\Database\SQLite3\Connection->execute()
 2 SYSTEMPATH/Database/BaseConnection.php(827): CodeIgniter\Database\BaseConnection->simpleQuery()
 3 SYSTEMPATH/Database/BaseBuilder.php(1649): CodeIgniter\Database\BaseConnection->query()
 4 SYSTEMPATH/Model.php(253): CodeIgniter\Database\BaseBuilder->get()
 5 SYSTEMPATH/BaseModel.php(676): CodeIgniter\Model->doFindAll()
 6 APPPATH/Models/ProduitModel.php(19): CodeIgniter\BaseModel->findAll()
 7 APPPATH/Controllers/Test.php(16): App\Models\ProduitModel->getAllProduits()
 8 SYSTEMPATH/CodeIgniter.php(951): App\Controllers\Test->index()
 9 SYSTEMPATH/CodeIgniter.php(497): CodeIgniter\CodeIgniter->runController()
10 SYSTEMPATH/CodeIgniter.php(340): CodeIgniter\CodeIgniter->handleRequest()
11 SYSTEMPATH/Boot.php(417): CodeIgniter\CodeIgniter->run()
12 SYSTEMPATH/Boot.php(68): CodeIgniter\Boot::runCodeIgniter()
13 FCPATH/index.php(59): CodeIgniter\Boot::bootWeb()
14 SYSTEMPATH/rewrite.php(44): require_once('/home/sedra/Documents/Caisse/codeigniter4-framework-v4.7 (2).2-0-gb3359be/codeigniter4-framework-b3359be/public/index.php')
CRITICAL - 2026-06-17 06:55:38 --> [Caused by] Exception: Unable to prepare statement: 1, no such table: produit
in SYSTEMPATH/Database/SQLite3/Connection.php on line 164.
 1 SYSTEMPATH/Database/SQLite3/Connection.php(164): SQLite3->query()
 2 SYSTEMPATH/Database/BaseConnection.php(910): CodeIgniter\Database\SQLite3\Connection->execute()
 3 SYSTEMPATH/Database/BaseConnection.php(827): CodeIgniter\Database\BaseConnection->simpleQuery()
 4 SYSTEMPATH/Database/BaseBuilder.php(1649): CodeIgniter\Database\BaseConnection->query()
 5 SYSTEMPATH/Model.php(253): CodeIgniter\Database\BaseBuilder->get()
 6 SYSTEMPATH/BaseModel.php(676): CodeIgniter\Model->doFindAll()
 7 APPPATH/Models/ProduitModel.php(19): CodeIgniter\BaseModel->findAll()
 8 APPPATH/Controllers/Test.php(16): App\Models\ProduitModel->getAllProduits()
 9 SYSTEMPATH/CodeIgniter.php(951): App\Controllers\Test->index()
10 SYSTEMPATH/CodeIgniter.php(497): CodeIgniter\CodeIgniter->runController()
11 SYSTEMPATH/CodeIgniter.php(340): CodeIgniter\CodeIgniter->handleRequest()
12 SYSTEMPATH/Boot.php(417): CodeIgniter\CodeIgniter->run()
13 SYSTEMPATH/Boot.php(68): CodeIgniter\Boot::runCodeIgniter()
14 FCPATH/index.php(59): CodeIgniter\Boot::bootWeb()
15 SYSTEMPATH/rewrite.php(44): require_once('/home/sedra/Documents/Caisse/codeigniter4-framework-v4.7 (2).2-0-gb3359be/codeigniter4-framework-b3359be/public/index.php')
ERROR - 2026-06-17 07:00:39 --> Unable to prepare statement: 1, no such table: produit
in SYSTEMPATH/Database/SQLite3/Connection.php on line 164.
 1 SYSTEMPATH/Database/SQLite3/Connection.php(164): SQLite3->query()
 2 SYSTEMPATH/Database/BaseConnection.php(910): CodeIgniter\Database\SQLite3\Connection->execute()
 3 SYSTEMPATH/Database/BaseConnection.php(827): CodeIgniter\Database\BaseConnection->simpleQuery()
 4 SYSTEMPATH/Database/BaseBuilder.php(1649): CodeIgniter\Database\BaseConnection->query()
 5 SYSTEMPATH/Model.php(253): CodeIgniter\Database\BaseBuilder->get()
 6 SYSTEMPATH/BaseModel.php(676): CodeIgniter\Model->doFindAll()
 7 APPPATH/Models/ProduitModel.php(19): CodeIgniter\BaseModel->findAll()
 8 APPPATH/Controllers/Test.php(16): App\Models\ProduitModel->getAllProduits()
 9 SYSTEMPATH/CodeIgniter.php(951): App\Controllers\Test->index()
10 SYSTEMPATH/CodeIgniter.php(497): CodeIgniter\CodeIgniter->runController()
11 SYSTEMPATH/CodeIgniter.php(340): CodeIgniter\CodeIgniter->handleRequest()
12 SYSTEMPATH/Boot.php(417): CodeIgniter\CodeIgniter->run()
13 SYSTEMPATH/Boot.php(68): CodeIgniter\Boot::runCodeIgniter()
14 FCPATH/index.php(59): CodeIgniter\Boot::bootWeb()
15 SYSTEMPATH/rewrite.php(44): require_once('/home/sedra/Documents/Caisse/codeigniter4-framework-v4.7 (2).2-0-gb3359be/codeigniter4-framework-b3359be/public/index.php')
CRITICAL - 2026-06-17 07:00:39 --> CodeIgniter\Database\Exceptions\DatabaseException: Unable to prepare statement: 1, no such table: produit
[Method: GET, Route: test]
in SYSTEMPATH/Database/BaseConnection.php on line 865.
 1 SYSTEMPATH/Database/BaseBuilder.php(1649): CodeIgniter\Database\BaseConnection->query()
 2 SYSTEMPATH/Model.php(253): CodeIgniter\Database\BaseBuilder->get()
 3 SYSTEMPATH/BaseModel.php(676): CodeIgniter\Model->doFindAll()
 4 APPPATH/Models/ProduitModel.php(19): CodeIgniter\BaseModel->findAll()
 5 APPPATH/Controllers/Test.php(16): App\Models\ProduitModel->getAllProduits()
 6 SYSTEMPATH/CodeIgniter.php(951): App\Controllers\Test->index()
 7 SYSTEMPATH/CodeIgniter.php(497): CodeIgniter\CodeIgniter->runController()
 8 SYSTEMPATH/CodeIgniter.php(340): CodeIgniter\CodeIgniter->handleRequest()
 9 SYSTEMPATH/Boot.php(417): CodeIgniter\CodeIgniter->run()
10 SYSTEMPATH/Boot.php(68): CodeIgniter\Boot::runCodeIgniter()
11 FCPATH/index.php(59): CodeIgniter\Boot::bootWeb()
12 SYSTEMPATH/rewrite.php(44): require_once('/home/sedra/Documents/Caisse/codeigniter4-framework-v4.7 (2).2-0-gb3359be/codeigniter4-framework-b3359be/public/index.php')
CRITICAL - 2026-06-17 07:00:39 --> [Caused by] CodeIgniter\Database\Exceptions\DatabaseException: Unable to prepare statement: 1, no such table: produit
in SYSTEMPATH/Database/SQLite3/Connection.php on line 174.
 1 SYSTEMPATH/Database/BaseConnection.php(910): CodeIgniter\Database\SQLite3\Connection->execute()
 2 SYSTEMPATH/Database/BaseConnection.php(827): CodeIgniter\Database\BaseConnection->simpleQuery()
 3 SYSTEMPATH/Database/BaseBuilder.php(1649): CodeIgniter\Database\BaseConnection->query()
 4 SYSTEMPATH/Model.php(253): CodeIgniter\Database\BaseBuilder->get()
 5 SYSTEMPATH/BaseModel.php(676): CodeIgniter\Model->doFindAll()
 6 APPPATH/Models/ProduitModel.php(19): CodeIgniter\BaseModel->findAll()
 7 APPPATH/Controllers/Test.php(16): App\Models\ProduitModel->getAllProduits()
 8 SYSTEMPATH/CodeIgniter.php(951): App\Controllers\Test->index()
 9 SYSTEMPATH/CodeIgniter.php(497): CodeIgniter\CodeIgniter->runController()
10 SYSTEMPATH/CodeIgniter.php(340): CodeIgniter\CodeIgniter->handleRequest()
11 SYSTEMPATH/Boot.php(417): CodeIgniter\CodeIgniter->run()
12 SYSTEMPATH/Boot.php(68): CodeIgniter\Boot::runCodeIgniter()
13 FCPATH/index.php(59): CodeIgniter\Boot::bootWeb()
14 SYSTEMPATH/rewrite.php(44): require_once('/home/sedra/Documents/Caisse/codeigniter4-framework-v4.7 (2).2-0-gb3359be/codeigniter4-framework-b3359be/public/index.php')
CRITICAL - 2026-06-17 07:00:39 --> [Caused by] Exception: Unable to prepare statement: 1, no such table: produit
in SYSTEMPATH/Database/SQLite3/Connection.php on line 164.
 1 SYSTEMPATH/Database/SQLite3/Connection.php(164): SQLite3->query()
 2 SYSTEMPATH/Database/BaseConnection.php(910): CodeIgniter\Database\SQLite3\Connection->execute()
 3 SYSTEMPATH/Database/BaseConnection.php(827): CodeIgniter\Database\BaseConnection->simpleQuery()
 4 SYSTEMPATH/Database/BaseBuilder.php(1649): CodeIgniter\Database\BaseConnection->query()
 5 SYSTEMPATH/Model.php(253): CodeIgniter\Database\BaseBuilder->get()
 6 SYSTEMPATH/BaseModel.php(676): CodeIgniter\Model->doFindAll()
 7 APPPATH/Models/ProduitModel.php(19): CodeIgniter\BaseModel->findAll()
 8 APPPATH/Controllers/Test.php(16): App\Models\ProduitModel->getAllProduits()
 9 SYSTEMPATH/CodeIgniter.php(951): App\Controllers\Test->index()
10 SYSTEMPATH/CodeIgniter.php(497): CodeIgniter\CodeIgniter->runController()
11 SYSTEMPATH/CodeIgniter.php(340): CodeIgniter\CodeIgniter->handleRequest()
12 SYSTEMPATH/Boot.php(417): CodeIgniter\CodeIgniter->run()
13 SYSTEMPATH/Boot.php(68): CodeIgniter\Boot::runCodeIgniter()
14 FCPATH/index.php(59): CodeIgniter\Boot::bootWeb()
15 SYSTEMPATH/rewrite.php(44): require_once('/home/sedra/Documents/Caisse/codeigniter4-framework-v4.7 (2).2-0-gb3359be/codeigniter4-framework-b3359be/public/index.php')
ERROR - 2026-06-17 07:00:40 --> Unable to prepare statement: 1, no such table: produit
in SYSTEMPATH/Database/SQLite3/Connection.php on line 164.
 1 SYSTEMPATH/Database/SQLite3/Connection.php(164): SQLite3->query()
 2 SYSTEMPATH/Database/BaseConnection.php(910): CodeIgniter\Database\SQLite3\Connection->execute()
 3 SYSTEMPATH/Database/BaseConnection.php(827): CodeIgniter\Database\BaseConnection->simpleQuery()
 4 SYSTEMPATH/Database/BaseBuilder.php(1649): CodeIgniter\Database\BaseConnection->query()
 5 SYSTEMPATH/Model.php(253): CodeIgniter\Database\BaseBuilder->get()
 6 SYSTEMPATH/BaseModel.php(676): CodeIgniter\Model->doFindAll()
 7 APPPATH/Models/ProduitModel.php(19): CodeIgniter\BaseModel->findAll()
 8 APPPATH/Controllers/Test.php(16): App\Models\ProduitModel->getAllProduits()
 9 SYSTEMPATH/CodeIgniter.php(951): App\Controllers\Test->index()
10 SYSTEMPATH/CodeIgniter.php(497): CodeIgniter\CodeIgniter->runController()
11 SYSTEMPATH/CodeIgniter.php(340): CodeIgniter\CodeIgniter->handleRequest()
12 SYSTEMPATH/Boot.php(417): CodeIgniter\CodeIgniter->run()
13 SYSTEMPATH/Boot.php(68): CodeIgniter\Boot::runCodeIgniter()
14 FCPATH/index.php(59): CodeIgniter\Boot::bootWeb()
15 SYSTEMPATH/rewrite.php(44): require_once('/home/sedra/Documents/Caisse/codeigniter4-framework-v4.7 (2).2-0-gb3359be/codeigniter4-framework-b3359be/public/index.php')
CRITICAL - 2026-06-17 07:00:40 --> CodeIgniter\Database\Exceptions\DatabaseException: Unable to prepare statement: 1, no such table: produit
[Method: GET, Route: test]
in SYSTEMPATH/Database/BaseConnection.php on line 865.
 1 SYSTEMPATH/Database/BaseBuilder.php(1649): CodeIgniter\Database\BaseConnection->query()
 2 SYSTEMPATH/Model.php(253): CodeIgniter\Database\BaseBuilder->get()
 3 SYSTEMPATH/BaseModel.php(676): CodeIgniter\Model->doFindAll()
 4 APPPATH/Models/ProduitModel.php(19): CodeIgniter\BaseModel->findAll()
 5 APPPATH/Controllers/Test.php(16): App\Models\ProduitModel->getAllProduits()
 6 SYSTEMPATH/CodeIgniter.php(951): App\Controllers\Test->index()
 7 SYSTEMPATH/CodeIgniter.php(497): CodeIgniter\CodeIgniter->runController()
 8 SYSTEMPATH/CodeIgniter.php(340): CodeIgniter\CodeIgniter->handleRequest()
 9 SYSTEMPATH/Boot.php(417): CodeIgniter\CodeIgniter->run()
10 SYSTEMPATH/Boot.php(68): CodeIgniter\Boot::runCodeIgniter()
11 FCPATH/index.php(59): CodeIgniter\Boot::bootWeb()
12 SYSTEMPATH/rewrite.php(44): require_once('/home/sedra/Documents/Caisse/codeigniter4-framework-v4.7 (2).2-0-gb3359be/codeigniter4-framework-b3359be/public/index.php')
CRITICAL - 2026-06-17 07:00:40 --> [Caused by] CodeIgniter\Database\Exceptions\DatabaseException: Unable to prepare statement: 1, no such table: produit
in SYSTEMPATH/Database/SQLite3/Connection.php on line 174.
 1 SYSTEMPATH/Database/BaseConnection.php(910): CodeIgniter\Database\SQLite3\Connection->execute()
 2 SYSTEMPATH/Database/BaseConnection.php(827): CodeIgniter\Database\BaseConnection->simpleQuery()
 3 SYSTEMPATH/Database/BaseBuilder.php(1649): CodeIgniter\Database\BaseConnection->query()
 4 SYSTEMPATH/Model.php(253): CodeIgniter\Database\BaseBuilder->get()
 5 SYSTEMPATH/BaseModel.php(676): CodeIgniter\Model->doFindAll()
 6 APPPATH/Models/ProduitModel.php(19): CodeIgniter\BaseModel->findAll()
 7 APPPATH/Controllers/Test.php(16): App\Models\ProduitModel->getAllProduits()
 8 SYSTEMPATH/CodeIgniter.php(951): App\Controllers\Test->index()
 9 SYSTEMPATH/CodeIgniter.php(497): CodeIgniter\CodeIgniter->runController()
10 SYSTEMPATH/CodeIgniter.php(340): CodeIgniter\CodeIgniter->handleRequest()
11 SYSTEMPATH/Boot.php(417): CodeIgniter\CodeIgniter->run()
12 SYSTEMPATH/Boot.php(68): CodeIgniter\Boot::runCodeIgniter()
13 FCPATH/index.php(59): CodeIgniter\Boot::bootWeb()
14 SYSTEMPATH/rewrite.php(44): require_once('/home/sedra/Documents/Caisse/codeigniter4-framework-v4.7 (2).2-0-gb3359be/codeigniter4-framework-b3359be/public/index.php')
CRITICAL - 2026-06-17 07:00:40 --> [Caused by] Exception: Unable to prepare statement: 1, no such table: produit
in SYSTEMPATH/Database/SQLite3/Connection.php on line 164.
 1 SYSTEMPATH/Database/SQLite3/Connection.php(164): SQLite3->query()
 2 SYSTEMPATH/Database/BaseConnection.php(910): CodeIgniter\Database\SQLite3\Connection->execute()
 3 SYSTEMPATH/Database/BaseConnection.php(827): CodeIgniter\Database\BaseConnection->simpleQuery()
 4 SYSTEMPATH/Database/BaseBuilder.php(1649): CodeIgniter\Database\BaseConnection->query()
 5 SYSTEMPATH/Model.php(253): CodeIgniter\Database\BaseBuilder->get()
 6 SYSTEMPATH/BaseModel.php(676): CodeIgniter\Model->doFindAll()
 7 APPPATH/Models/ProduitModel.php(19): CodeIgniter\BaseModel->findAll()
 8 APPPATH/Controllers/Test.php(16): App\Models\ProduitModel->getAllProduits()
 9 SYSTEMPATH/CodeIgniter.php(951): App\Controllers\Test->index()
10 SYSTEMPATH/CodeIgniter.php(497): CodeIgniter\CodeIgniter->runController()
11 SYSTEMPATH/CodeIgniter.php(340): CodeIgniter\CodeIgniter->handleRequest()
12 SYSTEMPATH/Boot.php(417): CodeIgniter\CodeIgniter->run()
13 SYSTEMPATH/Boot.php(68): CodeIgniter\Boot::runCodeIgniter()
14 FCPATH/index.php(59): CodeIgniter\Boot::bootWeb()
15 SYSTEMPATH/rewrite.php(44): require_once('/home/sedra/Documents/Caisse/codeigniter4-framework-v4.7 (2).2-0-gb3359be/codeigniter4-framework-b3359be/public/index.php')

